Component: ARM Compiler 5.05 update 1 (build 106) Tool: armlink [4d0efa]

==============================================================================

Section Cross References

    startup_stm32f10x_md.o(STACK) refers (Special) to heapauxi.o(.text) for __use_two_region_memory
    startup_stm32f10x_md.o(HEAP) refers (Special) to heapauxi.o(.text) for __use_two_region_memory
    startup_stm32f10x_md.o(RESET) refers (Special) to heapauxi.o(.text) for __use_two_region_memory
    startup_stm32f10x_md.o(RESET) refers to startup_stm32f10x_md.o(STACK) for __initial_sp
    startup_stm32f10x_md.o(RESET) refers to startup_stm32f10x_md.o(.text) for Reset_Handler
    startup_stm32f10x_md.o(RESET) refers to stm32f10x_it.o(i.NMI_Handler) for NMI_Handler
    startup_stm32f10x_md.o(RESET) refers to stm32f10x_it.o(i.HardFault_Handler) for HardFault_Handler
    startup_stm32f10x_md.o(RESET) refers to stm32f10x_it.o(i.MemManage_Handler) for MemManage_Handler
    startup_stm32f10x_md.o(RESET) refers to stm32f10x_it.o(i.BusFault_Handler) for BusFault_Handler
    startup_stm32f10x_md.o(RESET) refers to stm32f10x_it.o(i.UsageFault_Handler) for UsageFault_Handler
    startup_stm32f10x_md.o(RESET) refers to stm32f10x_it.o(i.SVC_Handler) for SVC_Handler
    startup_stm32f10x_md.o(RESET) refers to stm32f10x_it.o(i.DebugMon_Handler) for DebugMon_Handler
    startup_stm32f10x_md.o(RESET) refers to stm32f10x_it.o(i.PendSV_Handler) for PendSV_Handler
    startup_stm32f10x_md.o(RESET) refers to stm32f10x_it.o(i.SysTick_Handler) for SysTick_Handler
    startup_stm32f10x_md.o(RESET) refers to main.o(i.TIM3_IRQHandler) for TIM3_IRQHandler
    startup_stm32f10x_md.o(RESET) refers to usart1.o(i.USART1_IRQHandler) for USART1_IRQHandler
    startup_stm32f10x_md.o(.text) refers (Special) to heapauxi.o(.text) for __use_two_region_memory
    startup_stm32f10x_md.o(.text) refers to system_stm32f10x.o(i.SystemInit) for SystemInit
    startup_stm32f10x_md.o(.text) refers to __main.o(!!!main) for __main
    startup_stm32f10x_md.o(.text) refers to startup_stm32f10x_md.o(HEAP) for Heap_Mem
    startup_stm32f10x_md.o(.text) refers to startup_stm32f10x_md.o(STACK) for Stack_Mem
    misc.o(i.SysTick_CLKSourceConfig) refers to stm32f10x_flash.o(i.STM32F10x_Read) for STM32F10x_Read
    misc.o(i.SysTick_CLKSourceConfig) refers to system_stm32f10x.o(.bss) for SysTick_Info
    stm32f10x_adc.o(i.ADC_DeInit) refers to stm32f10x_rcc.o(i.RCC_APB2PeriphResetCmd) for RCC_APB2PeriphResetCmd
    stm32f10x_gpio.o(i.GPIO_AFIODeInit) refers to stm32f10x_rcc.o(i.RCC_APB2PeriphResetCmd) for RCC_APB2PeriphResetCmd
    stm32f10x_gpio.o(i.GPIO_DeInit) refers to stm32f10x_rcc.o(i.RCC_APB2PeriphResetCmd) for RCC_APB2PeriphResetCmd
    stm32f10x_rcc.o(i.RCC_GetClocksFreq) refers to stm32f10x_rcc.o(.data) for APBAHBPrescTable
    stm32f10x_rcc.o(i.RCC_WaitForHSEStartUp) refers to stm32f10x_rcc.o(i.RCC_GetFlagStatus) for RCC_GetFlagStatus
    stm32f10x_rtc.o(i.RTC_SetAlarm) refers to stm32f10x_rtc.o(i.RTC_EnterConfigMode) for RTC_EnterConfigMode
    stm32f10x_rtc.o(i.RTC_SetAlarm) refers to stm32f10x_rtc.o(i.RTC_ExitConfigMode) for RTC_ExitConfigMode
    stm32f10x_rtc.o(i.RTC_SetCounter) refers to stm32f10x_rtc.o(i.RTC_EnterConfigMode) for RTC_EnterConfigMode
    stm32f10x_rtc.o(i.RTC_SetCounter) refers to stm32f10x_rtc.o(i.RTC_ExitConfigMode) for RTC_ExitConfigMode
    stm32f10x_rtc.o(i.RTC_SetPrescaler) refers to stm32f10x_rtc.o(i.RTC_EnterConfigMode) for RTC_EnterConfigMode
    stm32f10x_rtc.o(i.RTC_SetPrescaler) refers to stm32f10x_rtc.o(i.RTC_ExitConfigMode) for RTC_ExitConfigMode
    stm32f10x_tim.o(i.TIM_DeInit) refers to stm32f10x_rcc.o(i.RCC_APB2PeriphResetCmd) for RCC_APB2PeriphResetCmd
    stm32f10x_tim.o(i.TIM_DeInit) refers to stm32f10x_rcc.o(i.RCC_APB1PeriphResetCmd) for RCC_APB1PeriphResetCmd
    stm32f10x_tim.o(i.TIM_ETRClockMode1Config) refers to stm32f10x_tim.o(i.TIM_ETRConfig) for TIM_ETRConfig
    stm32f10x_tim.o(i.TIM_ETRClockMode2Config) refers to stm32f10x_tim.o(i.TIM_ETRConfig) for TIM_ETRConfig
    stm32f10x_tim.o(i.TIM_ICInit) refers to stm32f10x_tim.o(i.TI1_Config) for TI1_Config
    stm32f10x_tim.o(i.TIM_ICInit) refers to stm32f10x_tim.o(i.TIM_SetIC1Prescaler) for TIM_SetIC1Prescaler
    stm32f10x_tim.o(i.TIM_ICInit) refers to stm32f10x_tim.o(i.TI2_Config) for TI2_Config
    stm32f10x_tim.o(i.TIM_ICInit) refers to stm32f10x_tim.o(i.TIM_SetIC2Prescaler) for TIM_SetIC2Prescaler
    stm32f10x_tim.o(i.TIM_ICInit) refers to stm32f10x_tim.o(i.TI3_Config) for TI3_Config
    stm32f10x_tim.o(i.TIM_ICInit) refers to stm32f10x_tim.o(i.TIM_SetIC3Prescaler) for TIM_SetIC3Prescaler
    stm32f10x_tim.o(i.TIM_ICInit) refers to stm32f10x_tim.o(i.TI4_Config) for TI4_Config
    stm32f10x_tim.o(i.TIM_ICInit) refers to stm32f10x_tim.o(i.TIM_SetIC4Prescaler) for TIM_SetIC4Prescaler
    stm32f10x_tim.o(i.TIM_ITRxExternalClockConfig) refers to stm32f10x_tim.o(i.TIM_SelectInputTrigger) for TIM_SelectInputTrigger
[...]
    Removing stm32f10x_usart.o(i.USART_StructInit), (24 bytes).
    Removing stm32f10x_usart.o(i.USART_WakeUpConfig), (18 bytes).
    Removing stm32f10x_flash.o(i.FLASH_ClearFlag), (12 bytes).
    Removing stm32f10x_flash.o(i.FLASH_EnableWriteProtection), (196 bytes).
    Removing stm32f10x_flash.o(i.FLASH_EraseAllBank1Pages), (72 bytes).
    Removing stm32f10x_flash.o(i.FLASH_EraseAllPages), (72 bytes).
    Removing stm32f10x_flash.o(i.FLASH_EraseOptionBytes), (168 bytes).
    Removing stm32f10x_flash.o(i.FLASH_ErasePage), (76 bytes).
    Removing stm32f10x_flash.o(i.FLASH_GetBank1Status), (52 bytes).
    Removing stm32f10x_flash.o(i.FLASH_GetFlagStatus), (48 bytes).
    Removing stm32f10x_flash.o(i.FLASH_GetPrefetchBufferStatus), (24 bytes).
    Removing stm32f10x_flash.o(i.FLASH_GetReadOutProtectionStatus), (24 bytes).
    Removing stm32f10x_flash.o(i.FLASH_GetStatus), (52 bytes).
    Removing stm32f10x_flash.o(i.FLASH_GetUserOptionByte), (12 bytes).
    Removing stm32f10x_flash.o(i.FLASH_GetWriteProtectionOptionByte), (12 bytes).
    Removing stm32f10x_flash.o(i.FLASH_HalfCycleAccessCmd), (28 bytes).
    Removing stm32f10x_flash.o(i.FLASH_ITConfig), (32 bytes).
    Removing stm32f10x_flash.o(i.FLASH_Lock), (20 bytes).
    Removing stm32f10x_flash.o(i.FLASH_LockBank1), (20 bytes).
    Removing stm32f10x_flash.o(i.FLASH_PrefetchBufferCmd), (28 bytes).
    Removing stm32f10x_flash.o(i.FLASH_ProgramHalfWord), (64 bytes).
    Removing stm32f10x_flash.o(i.FLASH_ProgramOptionByteData), (84 bytes).
    Removing stm32f10x_flash.o(i.FLASH_ProgramWord), (108 bytes).
    Removing stm32f10x_flash.o(i.FLASH_ReadOutProtection), (172 bytes).
    Removing stm32f10x_flash.o(i.FLASH_SetLatency), (24 bytes).
    Removing stm32f10x_flash.o(i.FLASH_Unlock), (24 bytes).
    Removing stm32f10x_flash.o(i.FLASH_UnlockBank1), (24 bytes).
    Removing stm32f10x_flash.o(i.FLASH_UserOptionByteConfig), (104 bytes).
    Removing stm32f10x_flash.o(i.FLASH_WaitForLastBank1Operation), (38 bytes).
    Removing stm32f10x_flash.o(i.FLASH_WaitForLastOperation), (38 bytes).
    Removing stm32f10x_flash.o(i.STMFLASH_Write), (232 bytes).
    Removing stm32f10x_flash.o(i.STMFLASH_Write_NoCheck), (34 bytes).
    Removing stm32f10x_flash.o(i.Test_Write), (16 bytes).
    Removing stm32f10x_flash.o(.bss), (1024 bytes).
    Removing stm32f10x_sdio.o(i.SDIO_CEATAITCmd), (16 bytes).
    Removing stm32f10x_sdio.o(i.SDIO_ClearFlag), (12 bytes).
    Removing stm32f10x_sdio.o(i.SDIO_ClearITPendingBit), (12 bytes).
    Removing stm32f10x_sdio.o(i.SDIO_ClockCmd), (12 bytes).
    Removing stm32f10x_sdio.o(i.SDIO_CmdStructInit), (14 bytes).
    Removing stm32f10x_sdio.o(i.SDIO_CommandCompletionCmd), (12 bytes).
    Removing stm32f10x_sdio.o(i.SDIO_DMACmd), (12 bytes).
    Removing stm32f10x_sdio.o(i.SDIO_DataConfig), (48 bytes).
    Removing stm32f10x_sdio.o(i.SDIO_DataStructInit), (20 bytes).
    Removing stm32f10x_sdio.o(i.SDIO_DeInit), (36 bytes).
    Removing stm32f10x_sdio.o(i.SDIO_GetCommandResponse), (12 bytes).
    Removing stm32f10x_sdio.o(i.SDIO_GetDataCounter), (12 bytes).
    Removing stm32f10x_sdio.o(i.SDIO_GetFIFOCount), (12 bytes).
    Removing stm32f10x_sdio.o(i.SDIO_GetFlagStatus), (24 bytes).
    Removing stm32f10x_sdio.o(i.SDIO_GetITStatus), (24 bytes).
    Removing stm32f10x_sdio.o(i.SDIO_GetPowerState), (16 bytes).
    Removing stm32f10x_sdio.o(i.SDIO_GetResponse), (24 bytes).
    Removing stm32f10x_sdio.o(i.SDIO_ITConfig), (32 bytes).
    Removing stm32f10x_sdio.o(i.SDIO_Init), (48 bytes).
    Removing stm32f10x_sdio.o(i.SDIO_ReadData), (12 bytes).
    Removing stm32f10x_sdio.o(i.SDIO_SendCEATACmd), (12 bytes).
    Removing stm32f10x_sdio.o(i.SDIO_SendCommand), (44 bytes).
    Removing stm32f10x_sdio.o(i.SDIO_SendSDIOSuspendCmd), (12 bytes).
    Removing stm32f10x_sdio.o(i.SDIO_SetPowerState), (28 bytes).
    Removing stm32f10x_sdio.o(i.SDIO_SetSDIOOperation), (12 bytes).
    Removing stm32f10x_sdio.o(i.SDIO_SetSDIOReadWaitMode), (12 bytes).
    Removing stm32f10x_sdio.o(i.SDIO_StartSDIOReadWait), (12 bytes).
    Removing stm32f10x_sdio.o(i.SDIO_StopSDIOReadWait), (12 bytes).
    Removing stm32f10x_sdio.o(i.SDIO_StructInit), (16 bytes).
    Removing stm32f10x_sdio.o(i.SDIO_WriteData), (12 bytes).
    Removing stm32f10x_spi.o(i.I2S_Cmd), (24 bytes).
    Removing stm32f10x_spi.o(i.I2S_Init), (232 bytes).
    Removing stm32f10x_spi.o(i.I2S_StructInit), (20 bytes).
    Removing stm32f10x_spi.o(i.SPI_BiDirectionalLineConfig), (28 bytes).
    Removing stm32f10x_spi.o(i.SPI_CalculateCRC), (24 bytes).
    Removing stm32f10x_spi.o(i.SPI_Cmd), (24 bytes).
    Removing stm32f10x_spi.o(i.SPI_DataSizeConfig), (18 bytes).
    Removing stm32f10x_spi.o(i.SPI_GetCRC), (16 bytes).
    Removing stm32f10x_spi.o(i.SPI_GetCRCPolynomial), (6 bytes).
    Removing stm32f10x_spi.o(i.SPI_I2S_ClearFlag), (6 bytes).
    Removing stm32f10x_spi.o(i.SPI_I2S_ClearITPendingBit), (20 bytes).
    Removing stm32f10x_spi.o(i.SPI_I2S_DMACmd), (18 bytes).
    Removing stm32f10x_spi.o(i.SPI_I2S_DeInit), (88 bytes).
    Removing stm32f10x_spi.o(i.SPI_I2S_GetFlagStatus), (18 bytes).
    Removing stm32f10x_spi.o(i.SPI_I2S_GetITStatus), (52 bytes).
    Removing stm32f10x_spi.o(i.SPI_I2S_ITConfig), (32 bytes).
    Removing stm32f10x_spi.o(i.SPI_I2S_ReceiveData), (6 bytes).
    Removing stm32f10x_spi.o(i.SPI_I2S_SendData), (4 bytes).
    Removing stm32f10x_spi.o(i.SPI_Init), (60 bytes).
    Removing stm32f10x_spi.o(i.SPI_NSSInternalSoftwareConfig), (30 bytes).
    Removing stm32f10x_spi.o(i.SPI_SSOutputCmd), (24 bytes).
    Removing stm32f10x_spi.o(i.SPI_StructInit), (24 bytes).
    Removing stm32f10x_spi.o(i.SPI_TransmitCRC), (10 bytes).
    Removing adc.o(i.Get_Adc_filter), (150 bytes).
    Removing lcd1602.o(i.LCD_Clear), (16 bytes).
    Removing timer.o(i.TIM2_Init), (88 bytes).
    Removing system_stm32f10x.o(i.SystemCoreClockUpdate), (164 bytes).
    Removing usart1.o(i.fputc), (28 bytes).
    Removing usart1.o(i.uart1_SendStr), (40 bytes).
    Removing usart1.o(i.uart1_send), (80 bytes).

288 unused section(s) (total 11478 bytes) removed from the image.

==============================================================================

Image Symbol Table

    Local Symbols

    Symbol Name                              Value     Ov Type        Size  Object(Section)

    ../clib/angel/boardlib.s                 0x00000000   Number         0  boardshut.o ABSOLUTE
    ../clib/angel/boardlib.s                 0x00000000   Number         0  boardinit1.o ABSOLUTE
    ../clib/angel/boardlib.s                 0x00000000   Number         0  boardinit3.o ABSOLUTE
    ../clib/angel/boardlib.s                 0x00000000   Number         0  boardinit2.o ABSOLUTE
    ../clib/angel/handlers.s                 0x00000000   Number         0  __scatter_zi.o ABSOLUTE
    ../clib/angel/handlers.s                 0x00000000   Number         0  __scatter_copy.o ABSOLUTE
    ../clib/angel/kernel.s                   0x00000000   Number         0  rtexit.o ABSOLUTE
    ../clib/angel/kernel.s                   0x00000000   Number         0  __rtentry.o ABSOLUTE
    ../clib/angel/kernel.s                   0x00000000   Number         0  __rtentry2.o ABSOLUTE
    ../clib/angel/kernel.s                   0x00000000   Number         0  __rtentry4.o ABSOLUTE
    ../clib/angel/kernel.s                   0x00000000   Number         0  rtexit2.o ABSOLUTE
    ../clib/angel/rt.s                       0x00000000   Number         0  rt_raise.o ABSOLUTE
    ../clib/angel/rt.s                       0x00000000   Number         0  rt_ctype_table.o ABSOLUTE
    ../clib/angel/rt.s                       0x00000000   Number         0  rt_errno_addr.o ABSOLUTE
    ../clib/angel/rt.s                       0x00000000   Number         0  rt_errno_addr_intlibspace.o ABSOLUTE
    ../clib/angel/rt.s                       0x00000000   Number         0  rt_locale.o ABSOLUTE
    ../clib/angel/rt.s                       0x00000000   Number         0  rt_locale_intlibspace.o ABSOLUTE
    ../clib/angel/scatter.s                  0x00000000   Number         0  __scatter.o ABSOLUTE
    ../clib/angel/startup.s                  0x00000000   Number         0  __main.o ABSOLUTE
    ../clib/angel/sys.s                      0x00000000   Number         0  indicate_semi.o ABSOLUTE
    ../clib/angel/sys.s                      0x00000000   Number         0  use_no_semi_2.o ABSOLUTE
    ../clib/angel/sys.s                      0x00000000   Number         0  use_no_semi.o ABSOLUTE
    ../clib/angel/sys.s                      0x00000000   Number         0  libspace.o ABSOLUTE
    ../clib/angel/sys.s                      0x00000000   Number         0  sys_stackheap_outer.o ABSOLUTE
    ../clib/angel/sysapp.c                   0x00000000   Number         0  sys_wrch.o ABSOLUTE
    ../clib/angel/sysapp.c                   0x00000000   Number         0  sys_command.o ABSOLUTE
    ../clib/armsys.c                         0x00000000   Number         0  argv_veneer.o ABSOLUTE
    ../clib/armsys.c                         0x00000000   Number         0  argv_veneer.o ABSOLUTE
    ../clib/armsys.c                         0x00000000   Number         0  no_argv.o ABSOLUTE
    ../clib/armsys.c                         0x00000000   Number         0  _get_argv_nomalloc.o ABSOLUTE
    ../clib/heapalloc.c                      0x00000000   Number         0  hrguard.o ABSOLUTE
    ../clib/heapaux.c                        0x00000000   Number         0  heapauxi.o ABSOLUTE
    ../clib/libinit.s                        0x00000000   Number         0  libinit2.o ABSOLUTE
    ../clib/libinit.s                        0x00000000   Number         0  libinit.o ABSOLUTE
    ../clib/libinit.s                        0x00000000   Number         0  libshutdown2.o ABSOLUTE
    ../clib/libinit.s                        0x00000000   Number         0  libshutdown.o ABSOLUTE
    ../clib/locale.s                         0x00000000   Number         0  lc_ctype_c.o ABSOLUTE
    ../clib/memcpset.s                       0x00000000   Number         0  rt_memclr.o ABSOLUTE
    ../clib/memcpset.s                       0x00000000   Number         0  rt_memclr_w.o ABSOLUTE
    ../clib/memcpset.s                       0x00000000   Number         0  strncpy.o ABSOLUTE
    ../clib/memcpset.s                       0x00000000   Number         0  strcmpv7m.o ABSOLUTE
    ../clib/scanf.c                          0x00000000   Number         0  atoi.o ABSOLUTE
    ../clib/scanf.c                          0x00000000   Number         0  strtol.o ABSOLUTE
    ../clib/scanf.c                          0x00000000   Number         0  _chval.o ABSOLUTE
    ../clib/scanf.c                          0x00000000   Number         0  _strtoul.o ABSOLUTE
    ../clib/signal.c                         0x00000000   Number         0  __raise.o ABSOLUTE
    ../clib/signal.c                         0x00000000   Number         0  defsig_rtmem_inner.o ABSOLUTE
    ../clib/signal.c                         0x00000000   Number         0  defsig_exit.o ABSOLUTE
    ../clib/signal.c                         0x00000000   Number         0  defsig_rtmem_formal.o ABSOLUTE
    ../clib/signal.c                         0x00000000   Number         0  defsig_rtmem_outer.o ABSOLUTE
    ../clib/signal.c                         0x00000000   Number         0  defsig_abrt_inner.o ABSOLUTE
    ../clib/signal.c                         0x00000000   Number         0  defsig_other.o ABSOLUTE
    ../clib/signal.c                         0x00000000   Number         0  defsig_segv_inner.o ABSOLUTE
    ../clib/signal.c                         0x00000000   Number         0  defsig_cppl_inner.o ABSOLUTE
    ../clib/signal.c                         0x00000000   Number         0  defsig_pvfn_inner.o ABSOLUTE
    ../clib/signal.c                         0x00000000   Number         0  defsig_stak_inner.o ABSOLUTE
    ../clib/signal.c                         0x00000000   Number         0  defsig_rtred_inner.o ABSOLUTE
    ../clib/signal.c                         0x00000000   Number         0  defsig_fpe_inner.o ABSOLUTE
    ../clib/signal.c                         0x00000000   Number         0  defsig_general.o ABSOLUTE
    ../clib/signal.s                         0x00000000   Number         0  defsig.o ABSOLUTE
    ../clib/stdlib.c                         0x00000000   Number         0  exit.o ABSOLUTE
    ../clib/string.c                         0x00000000   Number         0  strlen.o ABSOLUTE
    ../clib/string.c                         0x00000000   Number         0  strstr.o ABSOLUTE
    ../fplib/d2f.s                           0x00000000   Number         0  d2f.o ABSOLUTE
    ../fplib/daddsub.s                       0x00000000   Number         0  daddsub_clz.o ABSOLUTE
    ../fplib/dcmpi.s                         0x00000000   Number         0  dcmpi.o ABSOLUTE
    ../fplib/ddiv.s                          0x00000000   Number         0  ddiv.o ABSOLUTE
    ../fplib/dfixu.s                         0x00000000   Number         0  dfixu.o ABSOLUTE
    ../fplib/dflt.s                          0x00000000   Number         0  dflt_clz.o ABSOLUTE
    ../fplib/dleqf.s                         0x00000000   Number         0  dleqf.o ABSOLUTE
    ../fplib/dmul.s                          0x00000000   Number         0  dmul.o ABSOLUTE
    ../fplib/dnaninf.s                       0x00000000   Number         0  dnaninf.o ABSOLUTE
    ../fplib/dretinf.s                       0x00000000   Number         0  dretinf.o ABSOLUTE
    ../fplib/drleqf.s                        0x00000000   Number         0  drleqf.o ABSOLUTE
    ../fplib/f2d.s                           0x00000000   Number         0  f2d.o ABSOLUTE
    ../fplib/ffixu.s                         0x00000000   Number         0  ffixu.o ABSOLUTE
    ../fplib/fnaninf.s                       0x00000000   Number         0  fnaninf.o ABSOLUTE
    ../fplib/fpinit.s                        0x00000000   Number         0  fpinit.o ABSOLUTE
    ../fplib/fretinf.s                       0x00000000   Number         0  fretinf.o ABSOLUTE
    ../fplib/usenofp.s                       0x00000000   Number         0  usenofp.o ABSOLUTE
    ..\CMSIS\core_cm3.c                      0x00000000   Number         0  core_cm3.o ABSOLUTE
    ..\CMSIS\startup_stm32f10x_md.s          0x00000000   Number         0  startup_stm32f10x_md.o ABSOLUTE
    ..\Driver\adc.c                          0x00000000   Number         0  adc.o ABSOLUTE
    ..\Driver\ds18b20.c                      0x00000000   Number         0  ds18b20.o ABSOLUTE
    ..\Driver\gpio.c                         0x00000000   Number         0  gpio.o ABSOLUTE
    ..\Driver\lcd1602.c                      0x00000000   Number         0  lcd1602.o ABSOLUTE
    ..\Driver\timer.c                        0x00000000   Number         0  timer.o ABSOLUTE
    ..\Libraries\src\misc.c                  0x00000000   Number         0  misc.o ABSOLUTE
    ..\Libraries\src\stm32f10x_adc.c         0x00000000   Number         0  stm32f10x_adc.o ABSOLUTE
    ..\Libraries\src\stm32f10x_exti.c        0x00000000   Number         0  stm32f10x_exti.o ABSOLUTE
    ..\Libraries\src\stm32f10x_flash.c       0x00000000   Number         0  stm32f10x_flash.o ABSOLUTE
    ..\Libraries\src\stm32f10x_gpio.c        0x00000000   Number         0  stm32f10x_gpio.o ABSOLUTE
    ..\Libraries\src\stm32f10x_rcc.c         0x00000000   Number         0  stm32f10x_rcc.o ABSOLUTE
    ..\Libraries\src\stm32f10x_rtc.c         0x00000000   Number         0  stm32f10x_rtc.o ABSOLUTE
    ..\Libraries\src\stm32f10x_sdio.c        0x00000000   Number         0  stm32f10x_sdio.o ABSOLUTE
    ..\Libraries\src\stm32f10x_spi.c         0x00000000   Number         0  stm32f10x_spi.o ABSOLUTE
    ..\Libraries\src\stm32f10x_tim.c         0x00000000   Number         0  stm32f10x_tim.o ABSOLUTE
    ..\Libraries\src\stm32f10x_usart.c       0x00000000   Number         0  stm32f10x_usart.o ABSOLUTE
    ..\SYSTEM\delay\delay.c                  0x00000000   Number         0  delay.o ABSOLUTE
    ..\SYSTEM\sys\sys.c                      0x00000000   Number         0  sys.o ABSOLUTE
    ..\System\usart\usart1.c                 0x00000000   Number         0  usart1.o ABSOLUTE
    ..\\CMSIS\\core_cm3.c                    0x00000000   Number         0  core_cm3.o ABSOLUTE
    dc.s                                     0x00000000   Number         0  dc.o ABSOLUTE
    main.c                                   0x00000000   Number         0  main.o ABSOLUTE
    stm32f10x_it.c                           0x00000000   Number         0  stm32f10x_it.o ABSOLUTE
    system_stm32f10x.c                       0x00000000   Number         0  system_stm32f10x.o ABSOLUTE
    RESET                                    0x08000000   Section      236  startup_stm32f10x_md.o(RESET)
    !!!main                                  0x080000ec   Section        8  __main.o(!!!main)
    !!!scatter                               0x080000f4   Section       52  __scatter.o(!!!scatter)
    !!handler_copy                           0x08000128   Section       26  __scatter_copy.o(!!handler_copy)
    !!handler_zi                             0x08000144   Section       28  __scatter_zi.o(!!handler_zi)
    .ARM.Collect$$libinit$$00000000          0x08000160   Section        2  libinit.o(.ARM.Collect$$libinit$$00000000)
    .ARM.Collect$$libinit$$00000002          0x08000162   Section        0  libinit2.o(.ARM.Collect$$libinit$$00000002)
    .ARM.Collect$$libinit$$00000004          0x08000162   Section        0  libinit2.o(.ARM.Collect$$libinit$$00000004)
    .ARM.Collect$$libinit$$0000000A          0x08000162   Section        0  libinit2.o(.ARM.Collect$$libinit$$0000000A)
    .ARM.Collect$$libinit$$0000000C          0x08000162   Section        0  libinit2.o(.ARM.Collect$$libinit$$0000000C)
    .ARM.Collect$$libinit$$0000000E          0x08000162   Section        0  libinit2.o(.ARM.Collect$$libinit$$0000000E)
    .ARM.Collect$$libinit$$0000000F          0x08000162   Section        6  libinit2.o(.ARM.Collect$$libinit$$0000000F)
    .ARM.Collect$$libinit$$00000011          0x08000168   Section        0  libinit2.o(.ARM.Collect$$libinit$$00000011)
    .ARM.Collect$$libinit$$00000012          0x08000168   Section       12  libinit2.o(.ARM.Collect$$libinit$$00000012)
    .ARM.Collect$$libinit$$00000013          0x08000174   Section        0  libinit2.o(.ARM.Collect$$libinit$$00000013)
    .ARM.Collect$$libinit$$00000015          0x08000174   Section        0  libinit2.o(.ARM.Collect$$libinit$$00000015)
    .ARM.Collect$$libinit$$00000017          0x08000174   Section        0  libinit2.o(.ARM.Collect$$libinit$$00000017)
    .ARM.Collect$$libinit$$00000019          0x08000174   Section        0  libinit2.o(.ARM.Collect$$libinit$$00000019)
    .ARM.Collect$$libinit$$0000001B          0x08000174   Section        0  libinit2.o(.ARM.Collect$$libinit$$0000001B)
    .ARM.Collect$$libinit$$0000001D          0x08000174   Section        0  libinit2.o(.ARM.Collect$$libinit$$0000001D)
    .ARM.Collect$$libinit$$0000001F          0x08000174   Section        0  libinit2.o(.ARM.Collect$$libinit$$0000001F)
    .ARM.Collect$$libinit$$00000021          0x08000174   Section        0  libinit2.o(.ARM.Collect$$libinit$$00000021)
    .ARM.Collect$$libinit$$00000023          0x08000174   Section        0  libinit2.o(.ARM.Collect$$libinit$$00000023)
    .ARM.Collect$$libinit$$00000025          0x08000174   Section        0  libinit2.o(.ARM.Collect$$libinit$$00000025)
    .ARM.Collect$$libinit$$0000002C          0x08000174   Section        0  libinit2.o(.ARM.Collect$$libinit$$0000002C)
    .ARM.Collect$$libinit$$0000002E          0x08000174   Section        0  libinit2.o(.ARM.Collect$$libinit$$0000002E)
    .ARM.Collect$$libinit$$00000030          0x08000174   Section        0  libinit2.o(.ARM.Collect$$libinit$$00000030)
    .ARM.Collect$$libinit$$00000032          0x08000174   Section        0  libinit2.o(.ARM.Collect$$libinit$$00000032)
    .ARM.Collect$$libinit$$00000033          0x08000174   Section        2  libinit2.o(.ARM.Collect$$libinit$$00000033)
    .ARM.Collect$$libshutdown$$00000000      0x08000176   Section        2  libshutdown.o(.ARM.Collect$$libshutdown$$00000000)
    .ARM.Collect$$libshutdown$$00000003      0x08000178   Section        0  libshutdown2.o(.ARM.Collect$$libshutdown$$00000003)
    .ARM.Collect$$libshutdown$$00000006      0x08000178   Section        0  libshutdown2.o(.ARM.Collect$$libshutdown$$00000006)
    .ARM.Collect$$libshutdown$$00000009      0x08000178   Section        0  libshutdown2.o(.ARM.Collect$$libshutdown$$00000009)
    .ARM.Collect$$libshutdown$$0000000B      0x08000178   Section        0  libshutdown2.o(.ARM.Collect$$libshutdown$$0000000B)
    .ARM.Collect$$libshutdown$$0000000E      0x08000178   Section        0  libshutdown2.o(.ARM.Collect$$libshutdown$$0000000E)
    .ARM.Collect$$libshutdown$$0000000F      0x08000178   Section        2  libshutdown2.o(.ARM.Collect$$libshutdown$$0000000F)
    .ARM.Collect$$rtentry$$00000000          0x0800017a   Section        0  __rtentry.o(.ARM.Collect$$rtentry$$00000000)
    .ARM.Collect$$rtentry$$00000002          0x0800017a   Section        0  __rtentry2.o(.ARM.Collect$$rtentry$$00000002)
    .ARM.Collect$$rtentry$$00000004          0x0800017a   Section        6  __rtentry4.o(.ARM.Collect$$rtentry$$00000004)
    .ARM.Collect$$rtentry$$00000009          0x08000180   Section        0  __rtentry2.o(.ARM.Collect$$rtentry$$00000009)
    .ARM.Collect$$rtentry$$0000000A          0x08000180   Section        4  __rtentry2.o(.ARM.Collect$$rtentry$$0000000A)
    .ARM.Collect$$rtentry$$0000000C          0x08000184   Section        0  __rtentry2.o(.ARM.Collect$$rtentry$$0000000C)
    .ARM.Collect$$rtentry$$0000000D          0x08000184   Section        8  __rtentry2.o(.ARM.Collect$$rtentry$$0000000D)
    .ARM.Collect$$rtexit$$00000000           0x0800018c   Section        2  rtexit.o(.ARM.Collect$$rtexit$$00000000)
    .ARM.Collect$$rtexit$$00000002           0x0800018e   Section        0  rtexit2.o(.ARM.Collect$$rtexit$$00000002)
    .ARM.Collect$$rtexit$$00000003           0x0800018e   Section        4  rtexit2.o(.ARM.Collect$$rtexit$$00000003)
    .ARM.Collect$$rtexit$$00000004           0x08000192   Section        6  rtexit2.o(.ARM.Collect$$rtexit$$00000004)
    .text                                    0x08000198   Section       64  startup_stm32f10x_md.o(.text)
    .text                                    0x080001d8   Section        2  use_no_semi_2.o(.text)
    .text                                    0x080001da   Section        0  atoi.o(.text)
    .text                                    0x080001f4   Section        0  strstr.o(.text)
    .text                                    0x08000218   Section        0  strlen.o(.text)
    .text                                    0x08000256   Section       68  rt_memclr.o(.text)
    .text                                    0x0800029a   Section       86  strncpy.o(.text)
    .text                                    0x080002f0   Section        0  heapauxi.o(.text)
    .text                                    0x080002f6   Section        2  use_no_semi.o(.text)
    .text                                    0x080002f8   Section        8  rt_errno_addr_intlibspace.o(.text)
    .text                                    0x08000300   Section        0  strtol.o(.text)
    .text                                    0x08000370   Section       78  rt_memclr_w.o(.text)
    .text                                    0x080003c0   Section        8  libspace.o(.text)
    .text                                    0x080003c8   Section       16  rt_ctype_table.o(.text)
    .text                                    0x080003d8   Section        0  _strtoul.o(.text)
    .text                                    0x08000476   Section       74  sys_stackheap_outer.o(.text)
    .text                                    0x080004c0   Section        8  rt_locale_intlibspace.o(.text)
    .text                                    0x080004c8   Section        0  _chval.o(.text)
    .text                                    0x080004e4   Section        0  exit.o(.text)
    .text                                    0x080004f0   Section      128  strcmpv7m.o(.text)
    i.ADC_Cmd                                0x08000570   Section        0  stm32f10x_adc.o(i.ADC_Cmd)
    i.ADC_DeInit                             0x08000588   Section        0  stm32f10x_adc.o(i.ADC_DeInit)
    i.ADC_GetCalibrationStatus               0x080005e4   Section        0  stm32f10x_adc.o(i.ADC_GetCalibrationStatus)
    i.ADC_GetConversionValue                 0x080005f8   Section        0  stm32f10x_adc.o(i.ADC_GetConversionValue)
    i.ADC_GetFlagStatus                      0x08000600   Section        0  stm32f10x_adc.o(i.ADC_GetFlagStatus)
    i.ADC_GetResetCalibrationStatus          0x08000612   Section        0  stm32f10x_adc.o(i.ADC_GetResetCalibrationStatus)
    i.ADC_Init                               0x08000628   Section        0  stm32f10x_adc.o(i.ADC_Init)
    i.ADC_RegularChannelConfig               0x08000678   Section        0  stm32f10x_adc.o(i.ADC_RegularChannelConfig)
    i.ADC_ResetCalibration                   0x08000730   Section        0  stm32f10x_adc.o(i.ADC_ResetCalibration)
    i.ADC_SoftwareStartConvCmd               0x0800073a   Section        0  stm32f10x_adc.o(i.ADC_SoftwareStartConvCmd)
    i.ADC_StartCalibration                   0x08000750   Section        0  stm32f10x_adc.o(i.ADC_StartCalibration)
    i.Adc_Init                               0x0800075c   Section        0  adc.o(i.Adc_Init)
    i.BusFault_Handler                       0x080007e8   Section        0  stm32f10x_it.o(i.BusFault_Handler)
    i.DS18B20_GPIO_Init                      0x080007ec   Section        0  ds18b20.o(i.DS18B20_GPIO_Init)
    i.DS18B20_Init                           0x08000820   Section        0  ds18b20.o(i.DS18B20_Init)
    i.DS18B20_ReadByte                       0x080008c0   Section        0  ds18b20.o(i.DS18B20_ReadByte)
    i.DS18B20_WriteByte                      0x08000938   Section        0  ds18b20.o(i.DS18B20_WriteByte)
    i.Dao_xu                                 0x080009a8   Section        0  lcd1602.o(i.Dao_xu)
    i.DebugMon_Handler                       0x080009d0   Section        0  stm32f10x_it.o(i.DebugMon_Handler)
    i.GPIO_Init                              0x080009d2   Section        0  stm32f10x_gpio.o(i.GPIO_Init)
    i.GPIO_ReadInputDataBit                  0x08000ae8   Section        0  stm32f10x_gpio.o(i.GPIO_ReadInputDataBit)
    i.GPIO_ReadOutputData                    0x08000afa   Section        0  stm32f10x_gpio.o(i.GPIO_ReadOutputData)
    i.GPIO_ResetBits                         0x08000b02   Section        0  stm32f10x_gpio.o(i.GPIO_ResetBits)
    i.GPIO_SetBits                           0x08000b06   Section        0  stm32f10x_gpio.o(i.GPIO_SetBits)
    i.GPIO_Write                             0x08000b0a   Section        0  stm32f10x_gpio.o(i.GPIO_Write)
    i.Get_Adc                                0x08000b10   Section        0  adc.o(i.Get_Adc)
    i.Get_Adc_Average                        0x08000b44   Section        0  adc.o(i.Get_Adc_Average)
    i.Get_CO2                                0x08000b74   Section        0  main.o(i.Get_CO2)
    i.HardFault_Handler                      0x08000ce8   Section        0  stm32f10x_it.o(i.HardFault_Handler)
    i.KEY_GPIO_Init                          0x08000cec   Section        0  gpio.o(i.KEY_GPIO_Init)
    i.LCD_Init                               0x08000d38   Section        0  lcd1602.o(i.LCD_Init)
    i.LCD_Write_Char                         0x08000dd8   Section        0  lcd1602.o(i.LCD_Write_Char)
    i.LCD_Write_Com                          0x08000e00   Section        0  lcd1602.o(i.LCD_Write_Com)
    i.LCD_Write_Data                         0x08000e64   Section        0  lcd1602.o(i.LCD_Write_Data)
    i.LCD_Write_String                       0x08000ec4   Section        0  lcd1602.o(i.LCD_Write_String)
    i.MemManage_Handler                      0x08000ef6   Section        0  stm32f10x_it.o(i.MemManage_Handler)
    i.NMI_Handler                            0x08000efa   Section        0  stm32f10x_it.o(i.NMI_Handler)
    i.NVIC_Configuration                     0x08000efc   Section        0  sys.o(i.NVIC_Configuration)
    i.NVIC_Init                              0x08000f08   Section        0  misc.o(i.NVIC_Init)
    i.NVIC_PriorityGroupConfig               0x08000f78   Section        0  misc.o(i.NVIC_PriorityGroupConfig)
    i.PendSV_Handler                         0x08000f8c   Section        0  stm32f10x_it.o(i.PendSV_Handler)
    i.RCC_ADCCLKConfig                       0x08000f90   Section        0  stm32f10x_rcc.o(i.RCC_ADCCLKConfig)
    i.RCC_APB1PeriphClockCmd                 0x08000fa8   Section        0  stm32f10x_rcc.o(i.RCC_APB1PeriphClockCmd)
    i.RCC_APB1PeriphResetCmd                 0x08000fc8   Section        0  stm32f10x_rcc.o(i.RCC_APB1PeriphResetCmd)
    i.RCC_APB2PeriphClockCmd                 0x08000fe8   Section        0  stm32f10x_rcc.o(i.RCC_APB2PeriphClockCmd)
    i.RCC_APB2PeriphResetCmd                 0x08001008   Section        0  stm32f10x_rcc.o(i.RCC_APB2PeriphResetCmd)
    i.RCC_GetClocksFreq                      0x08001028   Section        0  stm32f10x_rcc.o(i.RCC_GetClocksFreq)
    i.ReadTemperature                        0x080010fc   Section        0  ds18b20.o(i.ReadTemperature)
    i.STM32F10x_Read                         0x08001160   Section        0  stm32f10x_flash.o(i.STM32F10x_Read)
    i.STMFLASH_ReadHalfWord                  0x08001182   Section        0  stm32f10x_flash.o(i.STMFLASH_ReadHalfWord)
    i.SVC_Handler                            0x08001188   Section        0  stm32f10x_it.o(i.SVC_Handler)
    i.SetSysClock                            0x0800118a   Section        0  system_stm32f10x.o(i.SetSysClock)
    SetSysClock                              0x0800118b   Thumb Code     8  system_stm32f10x.o(i.SetSysClock)
    i.SetSysClockTo72                        0x08001194   Section        0  system_stm32f10x.o(i.SetSysClockTo72)
    SetSysClockTo72                          0x08001195   Thumb Code   214  system_stm32f10x.o(i.SetSysClockTo72)
    i.SysTick_CLKSourceConfig                0x08001274   Section        0  misc.o(i.SysTick_CLKSourceConfig)
    i.SysTick_Handler                        0x08001314   Section        0  stm32f10x_it.o(i.SysTick_Handler)
    i.SystemInit                             0x08001318   Section        0  system_stm32f10x.o(i.SystemInit)
    i.TIM3_IRQHandler                        0x08001378   Section        0  main.o(i.TIM3_IRQHandler)
    i.TIM3_Init                              0x080013f4   Section        0  timer.o(i.TIM3_Init)
    i.TIM_ClearITPendingBit                  0x08001454   Section        0  stm32f10x_tim.o(i.TIM_ClearITPendingBit)
    i.TIM_Cmd                                0x0800145a   Section        0  stm32f10x_tim.o(i.TIM_Cmd)
    i.TIM_GetITStatus                        0x08001472   Section        0  stm32f10x_tim.o(i.TIM_GetITStatus)
    i.TIM_ITConfig                           0x08001494   Section        0  stm32f10x_tim.o(i.TIM_ITConfig)
    i.TIM_TimeBaseInit                       0x080014a8   Section        0  stm32f10x_tim.o(i.TIM_TimeBaseInit)
    i.USART1_IRQHandler                      0x0800154c   Section        0  usart1.o(i.USART1_IRQHandler)
    i.USART_ClearITPendingBit                0x08001598   Section        0  stm32f10x_usart.o(i.USART_ClearITPendingBit)
    i.USART_Cmd                              0x080015b6   Section        0  stm32f10x_usart.o(i.USART_Cmd)
    i.USART_DeInit                           0x080015d0   Section        0  stm32f10x_usart.o(i.USART_DeInit)
    i.USART_GetITStatus                      0x0800166c   Section        0  stm32f10x_usart.o(i.USART_GetITStatus)
    i.USART_ITConfig                         0x080016c0   Section        0  stm32f10x_usart.o(i.USART_ITConfig)
    i.USART_Init                             0x0800170c   Section        0  stm32f10x_usart.o(i.USART_Init)
    i.USART_ReceiveData                      0x080017e4   Section        0  stm32f10x_usart.o(i.USART_ReceiveData)
    i.UsageFault_Handler                     0x080017ee   Section        0  stm32f10x_it.o(i.UsageFault_Handler)
    i._sys_exit                              0x080017f2   Section        0  usart1.o(i._sys_exit)
    i.delay_init                             0x080017f8   Section        0  delay.o(i.delay_init)
    i.delay_ms                               0x0800183c   Section        0  delay.o(i.delay_ms)
    i.delay_us                               0x080018cc   Section        0  delay.o(i.delay_us)
    i.displayLight                           0x08001918   Section        0  main.o(i.displayLight)
    i.displaySetValue                        0x080019b8   Section        0  main.o(i.displaySetValue)
    i.displaySoilMoisture                    0x08001b08   Section        0  main.o(i.displaySoilMoisture)
    i.displayTemperature                     0x08001c24   Section        0  main.o(i.displayTemperature)
    i.keyscan                                0x08001ca0   Section        0  main.o(i.keyscan)
    i.main                                   0x080020f8   Section        0  main.o(i.main)
    i.uart1_Init                             0x08002290   Section        0  usart1.o(i.uart1_Init)
    locale$$code                             0x0800234c   Section       44  lc_ctype_c.o(locale$$code)
    x$fpl$d2f                                0x08002378   Section       98  d2f.o(x$fpl$d2f)
    x$fpl$dadd                               0x080023dc   Section      336  daddsub_clz.o(x$fpl$dadd)
    _dadd1                                   0x080023ed   Thumb Code     0  daddsub_clz.o(x$fpl$dadd)
    x$fpl$dcmpinf                            0x0800252c   Section       24  dcmpi.o(x$fpl$dcmpinf)
    x$fpl$ddiv                               0x08002544   Section      688  ddiv.o(x$fpl$ddiv)
    ddiv_entry                               0x0800254b   Thumb Code     0  ddiv.o(x$fpl$ddiv)
    x$fpl$dfixu                              0x080027f4   Section       90  dfixu.o(x$fpl$dfixu)
    x$fpl$dflt                               0x0800284e   Section       46  dflt_clz.o(x$fpl$dflt)
    x$fpl$dfltu                              0x0800287c   Section       38  dflt_clz.o(x$fpl$dfltu)
    x$fpl$dleqf                              0x080028a4   Section      120  dleqf.o(x$fpl$dleqf)
    x$fpl$dmul                               0x0800291c   Section      340  dmul.o(x$fpl$dmul)
    x$fpl$dnaninf                            0x08002a70   Section      156  dnaninf.o(x$fpl$dnaninf)
    x$fpl$dretinf                            0x08002b0c   Section       12  dretinf.o(x$fpl$dretinf)
    x$fpl$drleqf                             0x08002b18   Section      108  drleqf.o(x$fpl$drleqf)
    x$fpl$drsb                               0x08002b84   Section       22  daddsub_clz.o(x$fpl$drsb)
    x$fpl$dsub                               0x08002b9c   Section      468  daddsub_clz.o(x$fpl$dsub)
    _dsub1                                   0x08002bad   Thumb Code     0  daddsub_clz.o(x$fpl$dsub)
    x$fpl$f2d                                0x08002d70   Section       86  f2d.o(x$fpl$f2d)
    x$fpl$ffixu                              0x08002dc8   Section       62  ffixu.o(x$fpl$ffixu)
    x$fpl$fnaninf                            0x08002e06   Section      140  fnaninf.o(x$fpl$fnaninf)
    x$fpl$fretinf                            0x08002e92   Section       10  fretinf.o(x$fpl$fretinf)
    x$fpl$usenofp                            0x08002e9c   Section        0  usenofp.o(x$fpl$usenofp)
    locale$$data                             0x08002ebc   Section      272  lc_ctype_c.o(locale$$data)
    __lcctype_c_name                         0x08002ec0   Data           2  lc_ctype_c.o(locale$$data)
    __lcctype_c_start                        0x08002ec8   Data           0  lc_ctype_c.o(locale$$data)
    __lcctype_c_end                          0x08002fcc   Data           0  lc_ctype_c.o(locale$$data)
    .data                                    0x20000000   Section       20  stm32f10x_rcc.o(.data)
    APBAHBPrescTable                         0x20000000   Data          16  stm32f10x_rcc.o(.data)
    ADCPrescTable                            0x20000010   Data           4  stm32f10x_rcc.o(.data)
    .data                                    0x20000014   Section       38  main.o(.data)
    timeCount1                               0x20000036   Data           2  main.o(.data)
    timeCount2                               0x20000038   Data           2  main.o(.data)
    .data                                    0x2000003c   Section       20  system_stm32f10x.o(.data)
    .data                                    0x20000050   Section       12  delay.o(.data)
    fac_us                                   0x20000050   Data           1  delay.o(.data)
    fac_ms                                   0x20000052   Data           2  delay.o(.data)
    time1                                    0x20000054   Data           4  delay.o(.data)
    time2                                    0x20000058   Data           4  delay.o(.data)
    .data                                    0x2000005c   Section        8  usart1.o(.data)
    .bss                                     0x20000064   Section       28  system_stm32f10x.o(.bss)
    .bss                                     0x20000080   Section      200  usart1.o(.bss)
    .bss                                     0x20000148   Section       96  libspace.o(.bss)
    HEAP                                     0x200001a8   Section      512  startup_stm32f10x_md.o(HEAP)
    Heap_Mem                                 0x200001a8   Data         512  startup_stm32f10x_md.o(HEAP)
    STACK                                    0x200003a8   Section     1024  startup_stm32f10x_md.o(STACK)
    Stack_Mem                                0x200003a8   Data        1024  startup_stm32f10x_md.o(STACK)
    __initial_sp                             0x200007a8   Data           0  startup_stm32f10x_md.o(STACK)

    Global Symbols

    Symbol Name                              Value     Ov Type        Size  Object(Section)

    BuildAttributes$$THM_ISAv4$P$D$K$B$S$PE$A:L22UL41UL21$X:L11$S22US41US21$IEEE1$IW$USESV6$~STKCKD$USESV7$~SHL$OSPACE$ROPI$EBA8$UX$STANDARDLIB$REQ8$PRES8$EABIv2 0x00000000   Number         0  anon$$obj.o ABSOLUTE
    __ARM_use_no_argv                        0x00000000   Number         0  main.o ABSOLUTE
    __ARM_exceptions_init                     - Undefined Weak Reference
    __alloca_initialize                       - Undefined Weak Reference
    __arm_preinit_                            - Undefined Weak Reference
    __cpp_initialize__aeabi_                  - Undefined Weak Reference
    __cxa_finalize                            - Undefined Weak Reference
    __sigvec_lookup                           - Undefined Weak Reference
    _atexit_init                              - Undefined Weak Reference
    _call_atexit_fns                          - Undefined Weak Reference
    _clock_init                               - Undefined Weak Reference
    _fp_trap_init                             - Undefined Weak Reference
    _fp_trap_shutdown                         - Undefined Weak Reference
    _get_lc_collate                           - Undefined Weak Reference
    _get_lc_monetary                          - Undefined Weak Reference
    _get_lc_numeric                           - Undefined Weak Reference
    _get_lc_time                              - Undefined Weak Reference
    _getenv_init                              - Undefined Weak Reference
    _handle_redirection                       - Undefined Weak Reference
    _init_alloc                               - Undefined Weak Reference
    _init_user_alloc                          - Undefined Weak Reference
    _initio                                   - Undefined Weak Reference
    _rand_init                                - Undefined Weak Reference
    _signal_finish                            - Undefined Weak Reference
    _signal_init                              - Undefined Weak Reference
    _terminate_alloc                          - Undefined Weak Reference
    _terminate_user_alloc                     - Undefined Weak Reference
    _terminateio                              - Undefined Weak Reference
    __Vectors_Size                           0x000000ec   Number         0  startup_stm32f10x_md.o ABSOLUTE
    __Vectors                                0x08000000   Data           4  startup_stm32f10x_md.o(RESET)
    __Vectors_End                            0x080000ec   Data           0  startup_stm32f10x_md.o(RESET)
    __main                                   0x080000ed   Thumb Code     8  __main.o(!!!main)
    __scatterload                            0x080000f5   Thumb Code     0  __scatter.o(!!!scatter)
    __scatterload_rt2                        0x080000f5   Thumb Code    44  __scatter.o(!!!scatter)
    __scatterload_rt2_thumb_only             0x080000f5   Thumb Code     0  __scatter.o(!!!scatter)
    __scatterload_null                       0x08000103   Thumb Code     0  __scatter.o(!!!scatter)
    __scatterload_copy                       0x08000129   Thumb Code    26  __scatter_copy.o(!!handler_copy)
    __scatterload_zeroinit                   0x08000145   Thumb Code    28  __scatter_zi.o(!!handler_zi)
    __rt_lib_init                            0x08000161   Thumb Code     0  libinit.o(.ARM.Collect$$libinit$$00000000)
    __rt_lib_init_fp_1                       0x08000163   Thumb Code     0  libinit2.o(.ARM.Collect$$libinit$$00000002)
    __rt_lib_init_heap_1                     0x08000163   Thumb Code     0  libinit2.o(.ARM.Collect$$libinit$$0000000A)
    __rt_lib_init_lc_common                  0x08000163   Thumb Code     0  libinit2.o(.ARM.Collect$$libinit$$0000000F)
    __rt_lib_init_preinit_1                  0x08000163   Thumb Code     0  libinit2.o(.ARM.Collect$$libinit$$00000004)
    __rt_lib_init_rand_1                     0x08000163   Thumb Code     0  libinit2.o(.ARM.Collect$$libinit$$0000000E)
    __rt_lib_init_user_alloc_1               0x08000163   Thumb Code     0  libinit2.o(.ARM.Collect$$libinit$$0000000C)
    __rt_lib_init_lc_collate_1               0x08000169   Thumb Code     0  libinit2.o(.ARM.Collect$$libinit$$00000011)
    __rt_lib_init_lc_ctype_2                 0x08000169   Thumb Code     0  libinit2.o(.ARM.Collect$$libinit$$00000012)
    __rt_lib_init_alloca_1                   0x08000175   Thumb Code     0  libinit2.o(.ARM.Collect$$libinit$$0000002E)
    __rt_lib_init_argv_1                     0x08000175   Thumb Code     0  libinit2.o(.ARM.Collect$$libinit$$0000002C)
    __rt_lib_init_atexit_1                   0x08000175   Thumb Code     0  libinit2.o(.ARM.Collect$$libinit$$0000001B)
    __rt_lib_init_clock_1                    0x08000175   Thumb Code     0  libinit2.o(.ARM.Collect$$libinit$$00000021)
    __rt_lib_init_cpp_1                      0x08000175   Thumb Code     0  libinit2.o(.ARM.Collect$$libinit$$00000032)
    __rt_lib_init_exceptions_1               0x08000175   Thumb Code     0  libinit2.o(.ARM.Collect$$libinit$$00000030)
    __rt_lib_init_fp_trap_1                  0x08000175   Thumb Code     0  libinit2.o(.ARM.Collect$$libinit$$0000001F)
    __rt_lib_init_getenv_1                   0x08000175   Thumb Code     0  libinit2.o(.ARM.Collect$$libinit$$00000023)
    __rt_lib_init_lc_ctype_1                 0x08000175   Thumb Code     0  libinit2.o(.ARM.Collect$$libinit$$00000013)
    __rt_lib_init_lc_monetary_1              0x08000175   Thumb Code     0  libinit2.o(.ARM.Collect$$libinit$$00000015)
    __rt_lib_init_lc_numeric_1               0x08000175   Thumb Code     0  libinit2.o(.ARM.Collect$$libinit$$00000017)
    __rt_lib_init_lc_time_1                  0x08000175   Thumb Code     0  libinit2.o(.ARM.Collect$$libinit$$00000019)
    __rt_lib_init_return                     0x08000175   Thumb Code     0  libinit2.o(.ARM.Collect$$libinit$$00000033)
    __rt_lib_init_signal_1                   0x08000175   Thumb Code     0  libinit2.o(.ARM.Collect$$libinit$$0000001D)
    __rt_lib_init_stdio_1                    0x08000175   Thumb Code     0  libinit2.o(.ARM.Collect$$libinit$$00000025)
    __rt_lib_shutdown                        0x08000177   Thumb Code     0  libshutdown.o(.ARM.Collect$$libshutdown$$00000000)
    __rt_lib_shutdown_fp_trap_1              0x08000179   Thumb Code     0  libshutdown2.o(.ARM.Collect$$libshutdown$$00000006)
    __rt_lib_shutdown_heap_1                 0x08000179   Thumb Code     0  libshutdown2.o(.ARM.Collect$$libshutdown$$0000000E)
    __rt_lib_shutdown_return                 0x08000179   Thumb Code     0  libshutdown2.o(.ARM.Collect$$libshutdown$$0000000F)
    __rt_lib_shutdown_signal_1               0x08000179   Thumb Code     0  libshutdown2.o(.ARM.Collect$$libshutdown$$00000009)
    __rt_lib_shutdown_stdio_1                0x08000179   Thumb Code     0  libshutdown2.o(.ARM.Collect$$libshutdown$$00000003)
    __rt_lib_shutdown_user_alloc_1           0x08000179   Thumb Code     0  libshutdown2.o(.ARM.Collect$$libshutdown$$0000000B)
    __rt_entry                               0x0800017b   Thumb Code     0  __rtentry.o(.ARM.Collect$$rtentry$$00000000)
    __rt_entry_presh_1                       0x0800017b   Thumb Code     0  __rtentry2.o(.ARM.Collect$$rtentry$$00000002)
    __rt_entry_sh                            0x0800017b   Thumb Code     0  __rtentry4.o(.ARM.Collect$$rtentry$$00000004)
    __rt_entry_li                            0x08000181   Thumb Code     0  __rtentry2.o(.ARM.Collect$$rtentry$$0000000A)
    __rt_entry_postsh_1                      0x08000181   Thumb Code     0  __rtentry2.o(.ARM.Collect$$rtentry$$00000009)
    __rt_entry_main                          0x08000185   Thumb Code     0  __rtentry2.o(.ARM.Collect$$rtentry$$0000000D)
    __rt_entry_postli_1                      0x08000185   Thumb Code     0  __rtentry2.o(.ARM.Collect$$rtentry$$0000000C)
    __rt_exit                                0x0800018d   Thumb Code     0  rtexit.o(.ARM.Collect$$rtexit$$00000000)
    __rt_exit_ls                             0x0800018f   Thumb Code     0  rtexit2.o(.ARM.Collect$$rtexit$$00000003)
    __rt_exit_prels_1                        0x0800018f   Thumb Code     0  rtexit2.o(.ARM.Collect$$rtexit$$00000002)
    __rt_exit_exit                           0x08000193   Thumb Code     0  rtexit2.o(.ARM.Collect$$rtexit$$00000004)
    Reset_Handler                            0x08000199   Thumb Code     8  startup_stm32f10x_md.o(.text)
    ADC1_2_IRQHandler                        0x080001b3   Thumb Code     0  startup_stm32f10x_md.o(.text)
    CAN1_RX1_IRQHandler                      0x080001b3   Thumb Code     0  startup_stm32f10x_md.o(.text)
    CAN1_SCE_IRQHandler                      0x080001b3   Thumb Code     0  startup_stm32f10x_md.o(.text)
    DMA1_Channel1_IRQHandler                 0x080001b3   Thumb Code     0  startup_stm32f10x_md.o(.text)
    DMA1_Channel2_IRQHandler                 0x080001b3   Thumb Code     0  startup_stm32f10x_md.o(.text)
    DMA1_Channel3_IRQHandler                 0x080001b3   Thumb Code     0  startup_stm32f10x_md.o(.text)
    DMA1_Channel4_IRQHandler                 0x080001b3   Thumb Code     0  startup_stm32f10x_md.o(.text)
    DMA1_Channel5_IRQHandler                 0x080001b3   Thumb Code     0  startup_stm32f10x_md.o(.text)
    DMA1_Channel6_IRQHandler                 0x080001b3   Thumb Code     0  startup_stm32f10x_md.o(.text)
    DMA1_Channel7_IRQHandler                 0x080001b3   Thumb Code     0  startup_stm32f10x_md.o(.text)
    EXTI0_IRQHandler                         0x080001b3   Thumb Code     0  startup_stm32f10x_md.o(.text)
    EXTI15_10_IRQHandler                     0x080001b3   Thumb Code     0  startup_stm32f10x_md.o(.text)
    EXTI1_IRQHandler                         0x080001b3   Thumb Code     0  startup_stm32f10x_md.o(.text)
    EXTI2_IRQHandler                         0x080001b3   Thumb Code     0  startup_stm32f10x_md.o(.text)
    EXTI3_IRQHandler                         0x080001b3   Thumb Code     0  startup_stm32f10x_md.o(.text)
    EXTI4_IRQHandler                         0x080001b3   Thumb Code     0  startup_stm32f10x_md.o(.text)
    EXTI9_5_IRQHandler                       0x080001b3   Thumb Code     0  startup_stm32f10x_md.o(.text)
    FLASH_IRQHandler                         0x080001b3   Thumb Code     0  startup_stm32f10x_md.o(.text)
    I2C1_ER_IRQHandler                       0x080001b3   Thumb Code     0  startup_stm32f10x_md.o(.text)
    I2C1_EV_IRQHandler                       0x080001b3   Thumb Code     0  startup_stm32f10x_md.o(.text)
    I2C2_ER_IRQHandler                       0x080001b3   Thumb Code     0  startup_stm32f10x_md.o(.text)
    I2C2_EV_IRQHandler                       0x080001b3   Thumb Code     0  startup_stm32f10x_md.o(.text)
    PVD_IRQHandler                           0x080001b3   Thumb Code     0  startup_stm32f10x_md.o(.text)
    RCC_IRQHandler                           0x080001b3   Thumb Code     0  startup_stm32f10x_md.o(.text)
    RTCAlarm_IRQHandler                      0x080001b3   Thumb Code     0  startup_stm32f10x_md.o(.text)
    RTC_IRQHandler                           0x080001b3   Thumb Code     0  startup_stm32f10x_md.o(.text)
    SPI1_IRQHandler                          0x080001b3   Thumb Code     0  startup_stm32f10x_md.o(.text)
    SPI2_IRQHandler                          0x080001b3   Thumb Code     0  startup_stm32f10x_md.o(.text)
    TAMPER_IRQHandler                        0x080001b3   Thumb Code     0  startup_stm32f10x_md.o(.text)
    TIM1_BRK_IRQHandler                      0x080001b3   Thumb Code     0  startup_stm32f10x_md.o(.text)
    TIM1_CC_IRQHandler                       0x080001b3   Thumb Code     0  startup_stm32f10x_md.o(.text)
    TIM1_TRG_COM_IRQHandler                  0x080001b3   Thumb Code     0  startup_stm32f10x_md.o(.text)
    TIM1_UP_IRQHandler                       0x080001b3   Thumb Code     0  startup_stm32f10x_md.o(.text)
    TIM2_IRQHandler                          0x080001b3   Thumb Code     0  startup_stm32f10x_md.o(.text)
    TIM4_IRQHandler                          0x080001b3   Thumb Code     0  startup_stm32f10x_md.o(.text)
    USART2_IRQHandler                        0x080001b3   Thumb Code     0  startup_stm32f10x_md.o(.text)
    USART3_IRQHandler                        0x080001b3   Thumb Code     0  startup_stm32f10x_md.o(.text)
    USBWakeUp_IRQHandler                     0x080001b3   Thumb Code     0  startup_stm32f10x_md.o(.text)
    USB_HP_CAN1_TX_IRQHandler                0x080001b3   Thumb Code     0  startup_stm32f10x_md.o(.text)
    USB_LP_CAN1_RX0_IRQHandler               0x080001b3   Thumb Code     0  startup_stm32f10x_md.o(.text)
    WWDG_IRQHandler                          0x080001b3   Thumb Code     0  startup_stm32f10x_md.o(.text)
    __user_initial_stackheap                 0x080001b5   Thumb Code     0  startup_stm32f10x_md.o(.text)
    __use_no_semihosting                     0x080001d9   Thumb Code     2  use_no_semi_2.o(.text)
    atoi                                     0x080001db   Thumb Code    26  atoi.o(.text)
    strstr                                   0x080001f5   Thumb Code    36  strstr.o(.text)
    strlen                                   0x08000219   Thumb Code    62  strlen.o(.text)
    __aeabi_memclr                           0x08000257   Thumb Code     0  rt_memclr.o(.text)
    __rt_memclr                              0x08000257   Thumb Code    68  rt_memclr.o(.text)
    _memset                                  0x0800025b   Thumb Code     0  rt_memclr.o(.text)
    strncpy                                  0x0800029b   Thumb Code    86  strncpy.o(.text)
    __use_two_region_memory                  0x080002f1   Thumb Code     2  heapauxi.o(.text)
    __rt_heap_escrow$2region                 0x080002f3   Thumb Code     2  heapauxi.o(.text)
    __rt_heap_expand$2region                 0x080002f5   Thumb Code     2  heapauxi.o(.text)
    __I$use$semihosting                      0x080002f7   Thumb Code     0  use_no_semi.o(.text)
    __use_no_semihosting_swi                 0x080002f7   Thumb Code     2  use_no_semi.o(.text)
    __aeabi_errno_addr                       0x080002f9   Thumb Code     8  rt_errno_addr_intlibspace.o(.text)
    __errno$intlibspace                      0x080002f9   Thumb Code     0  rt_errno_addr_intlibspace.o(.text)
    __rt_errno_addr$intlibspace              0x080002f9   Thumb Code     0  rt_errno_addr_intlibspace.o(.text)
    strtol                                   0x08000301   Thumb Code   112  strtol.o(.text)
    __aeabi_memclr4                          0x08000371   Thumb Code     0  rt_memclr_w.o(.text)
    __aeabi_memclr8                          0x08000371   Thumb Code     0  rt_memclr_w.o(.text)
    __rt_memclr_w                            0x08000371   Thumb Code    78  rt_memclr_w.o(.text)
    _memset_w                                0x08000375   Thumb Code     0  rt_memclr_w.o(.text)
    __user_libspace                          0x080003c1   Thumb Code     8  libspace.o(.text)
    __user_perproc_libspace                  0x080003c1   Thumb Code     0  libspace.o(.text)
    __user_perthread_libspace                0x080003c1   Thumb Code     0  libspace.o(.text)
    __rt_ctype_table                         0x080003c9   Thumb Code    16  rt_ctype_table.o(.text)
    _strtoul                                 0x080003d9   Thumb Code   158  _strtoul.o(.text)
    __user_setup_stackheap                   0x08000477   Thumb Code    74  sys_stackheap_outer.o(.text)
    __rt_locale                              0x080004c1   Thumb Code     8  rt_locale_intlibspace.o(.text)
    _chval                                   0x080004c9   Thumb Code    28  _chval.o(.text)
    exit                                     0x080004e5   Thumb Code    12  exit.o(.text)
    strcmp                                   0x080004f1   Thumb Code   128  strcmpv7m.o(.text)
    ADC_Cmd                                  0x08000571   Thumb Code    22  stm32f10x_adc.o(i.ADC_Cmd)
    ADC_DeInit                               0x08000589   Thumb Code    78  stm32f10x_adc.o(i.ADC_DeInit)
    ADC_GetCalibrationStatus                 0x080005e5   Thumb Code    20  stm32f10x_adc.o(i.ADC_GetCalibrationStatus)
    ADC_GetConversionValue                   0x080005f9   Thumb Code     8  stm32f10x_adc.o(i.ADC_GetConversionValue)
    ADC_GetFlagStatus                        0x08000601   Thumb Code    18  stm32f10x_adc.o(i.ADC_GetFlagStatus)
    ADC_GetResetCalibrationStatus            0x08000613   Thumb Code    20  stm32f10x_adc.o(i.ADC_GetResetCalibrationStatus)
    ADC_Init                                 0x08000629   Thumb Code    70  stm32f10x_adc.o(i.ADC_Init)
    ADC_RegularChannelConfig                 0x08000679   Thumb Code   184  stm32f10x_adc.o(i.ADC_RegularChannelConfig)
    ADC_ResetCalibration                     0x08000731   Thumb Code    10  stm32f10x_adc.o(i.ADC_ResetCalibration)
    ADC_SoftwareStartConvCmd                 0x0800073b   Thumb Code    22  stm32f10x_adc.o(i.ADC_SoftwareStartConvCmd)
    ADC_StartCalibration                     0x08000751   Thumb Code    10  stm32f10x_adc.o(i.ADC_StartCalibration)
    Adc_Init                                 0x0800075d   Thumb Code   132  adc.o(i.Adc_Init)
    BusFault_Handler                         0x080007e9   Thumb Code     4  stm32f10x_it.o(i.BusFault_Handler)
    DS18B20_GPIO_Init                        0x080007ed   Thumb Code    46  ds18b20.o(i.DS18B20_GPIO_Init)
    DS18B20_Init                             0x08000821   Thumb Code   156  ds18b20.o(i.DS18B20_Init)
    DS18B20_ReadByte                         0x080008c1   Thumb Code   114  ds18b20.o(i.DS18B20_ReadByte)
    DS18B20_WriteByte                        0x08000939   Thumb Code   106  ds18b20.o(i.DS18B20_WriteByte)
    Dao_xu                                   0x080009a9   Thumb Code    40  lcd1602.o(i.Dao_xu)
    DebugMon_Handler                         0x080009d1   Thumb Code     2  stm32f10x_it.o(i.DebugMon_Handler)
    GPIO_Init                                0x080009d3   Thumb Code   278  stm32f10x_gpio.o(i.GPIO_Init)
    GPIO_ReadInputDataBit                    0x08000ae9   Thumb Code    18  stm32f10x_gpio.o(i.GPIO_ReadInputDataBit)
    GPIO_ReadOutputData                      0x08000afb   Thumb Code     8  stm32f10x_gpio.o(i.GPIO_ReadOutputData)
    GPIO_ResetBits                           0x08000b03   Thumb Code     4  stm32f10x_gpio.o(i.GPIO_ResetBits)
    GPIO_SetBits                             0x08000b07   Thumb Code     4  stm32f10x_gpio.o(i.GPIO_SetBits)
    GPIO_Write                               0x08000b0b   Thumb Code     4  stm32f10x_gpio.o(i.GPIO_Write)
    Get_Adc                                  0x08000b11   Thumb Code    46  adc.o(i.Get_Adc)
    Get_Adc_Average                          0x08000b45   Thumb Code    46  adc.o(i.Get_Adc_Average)
    Get_CO2                                  0x08000b75   Thumb Code   342  main.o(i.Get_CO2)
    HardFault_Handler                        0x08000ce9   Thumb Code     4  stm32f10x_it.o(i.HardFault_Handler)
    KEY_GPIO_Init                            0x08000ced   Thumb Code    72  gpio.o(i.KEY_GPIO_Init)
    LCD_Init                                 0x08000d39   Thumb Code   150  lcd1602.o(i.LCD_Init)
    LCD_Write_Char                           0x08000dd9   Thumb Code    40  lcd1602.o(i.LCD_Write_Char)
    LCD_Write_Com                            0x08000e01   Thumb Code    86  lcd1602.o(i.LCD_Write_Com)
    LCD_Write_Data                           0x08000e65   Thumb Code    84  lcd1602.o(i.LCD_Write_Data)
    LCD_Write_String                         0x08000ec5   Thumb Code    50  lcd1602.o(i.LCD_Write_String)
    MemManage_Handler                        0x08000ef7   Thumb Code     4  stm32f10x_it.o(i.MemManage_Handler)
    NMI_Handler                              0x08000efb   Thumb Code     2  stm32f10x_it.o(i.NMI_Handler)
    NVIC_Configuration                       0x08000efd   Thumb Code    12  sys.o(i.NVIC_Configuration)
    NVIC_Init                                0x08000f09   Thumb Code   100  misc.o(i.NVIC_Init)
    NVIC_PriorityGroupConfig                 0x08000f79   Thumb Code    10  misc.o(i.NVIC_PriorityGroupConfig)
    PendSV_Handler                           0x08000f8d   Thumb Code     2  stm32f10x_it.o(i.PendSV_Handler)
    RCC_ADCCLKConfig                         0x08000f91   Thumb Code    18  stm32f10x_rcc.o(i.RCC_ADCCLKConfig)
    RCC_APB1PeriphClockCmd                   0x08000fa9   Thumb Code    26  stm32f10x_rcc.o(i.RCC_APB1PeriphClockCmd)
    RCC_APB1PeriphResetCmd                   0x08000fc9   Thumb Code    26  stm32f10x_rcc.o(i.RCC_APB1PeriphResetCmd)
    RCC_APB2PeriphClockCmd                   0x08000fe9   Thumb Code    26  stm32f10x_rcc.o(i.RCC_APB2PeriphClockCmd)
    RCC_APB2PeriphResetCmd                   0x08001009   Thumb Code    26  stm32f10x_rcc.o(i.RCC_APB2PeriphResetCmd)
    RCC_GetClocksFreq                        0x08001029   Thumb Code   192  stm32f10x_rcc.o(i.RCC_GetClocksFreq)
    ReadTemperature                          0x080010fd   Thumb Code    94  ds18b20.o(i.ReadTemperature)
    STM32F10x_Read                           0x08001161   Thumb Code    34  stm32f10x_flash.o(i.STM32F10x_Read)
    STMFLASH_ReadHalfWord                    0x08001183   Thumb Code     6  stm32f10x_flash.o(i.STMFLASH_ReadHalfWord)
    SVC_Handler                              0x08001189   Thumb Code     2  stm32f10x_it.o(i.SVC_Handler)
    SysTick_CLKSourceConfig                  0x08001275   Thumb Code   146  misc.o(i.SysTick_CLKSourceConfig)
    SysTick_Handler                          0x08001315   Thumb Code     2  stm32f10x_it.o(i.SysTick_Handler)
    SystemInit                               0x08001319   Thumb Code    78  system_stm32f10x.o(i.SystemInit)
    TIM3_IRQHandler                          0x08001379   Thumb Code    98  main.o(i.TIM3_IRQHandler)
    TIM3_Init                                0x080013f5   Thumb Code    90  timer.o(i.TIM3_Init)
    TIM_ClearITPendingBit                    0x08001455   Thumb Code     6  stm32f10x_tim.o(i.TIM_ClearITPendingBit)
    TIM_Cmd                                  0x0800145b   Thumb Code    24  stm32f10x_tim.o(i.TIM_Cmd)
    TIM_GetITStatus                          0x08001473   Thumb Code    34  stm32f10x_tim.o(i.TIM_GetITStatus)
    TIM_ITConfig                             0x08001495   Thumb Code    18  stm32f10x_tim.o(i.TIM_ITConfig)
    TIM_TimeBaseInit                         0x080014a9   Thumb Code   122  stm32f10x_tim.o(i.TIM_TimeBaseInit)
    USART1_IRQHandler                        0x0800154d   Thumb Code    64  usart1.o(i.USART1_IRQHandler)
    USART_ClearITPendingBit                  0x08001599   Thumb Code    30  stm32f10x_usart.o(i.USART_ClearITPendingBit)
    USART_Cmd                                0x080015b7   Thumb Code    24  stm32f10x_usart.o(i.USART_Cmd)
    USART_DeInit                             0x080015d1   Thumb Code   134  stm32f10x_usart.o(i.USART_DeInit)
    USART_GetITStatus                        0x0800166d   Thumb Code    84  stm32f10x_usart.o(i.USART_GetITStatus)
    USART_ITConfig                           0x080016c1   Thumb Code    74  stm32f10x_usart.o(i.USART_ITConfig)
    USART_Init                               0x0800170d   Thumb Code   210  stm32f10x_usart.o(i.USART_Init)
    USART_ReceiveData                        0x080017e5   Thumb Code    10  stm32f10x_usart.o(i.USART_ReceiveData)
    UsageFault_Handler                       0x080017ef   Thumb Code     4  stm32f10x_it.o(i.UsageFault_Handler)
    _sys_exit                                0x080017f3   Thumb Code     6  usart1.o(i._sys_exit)
    delay_init                               0x080017f9   Thumb Code    50  delay.o(i.delay_init)
    delay_ms                                 0x0800183d   Thumb Code   126  delay.o(i.delay_ms)
    delay_us                                 0x080018cd   Thumb Code    72  delay.o(i.delay_us)
    displayLight                             0x08001919   Thumb Code   148  main.o(i.displayLight)
    displaySetValue                          0x080019b9   Thumb Code   316  main.o(i.displaySetValue)
    displaySoilMoisture                      0x08001b09   Thumb Code   248  main.o(i.displaySoilMoisture)
    displayTemperature                       0x08001c25   Thumb Code   110  main.o(i.displayTemperature)
    keyscan                                  0x08001ca1   Thumb Code   832  main.o(i.keyscan)
    main                                     0x080020f9   Thumb Code   318  main.o(i.main)
    uart1_Init                               0x08002291   Thumb Code   178  usart1.o(i.uart1_Init)
    _get_lc_ctype                            0x0800234d   Thumb Code    44  lc_ctype_c.o(locale$$code)
    __aeabi_d2f                              0x08002379   Thumb Code     0  d2f.o(x$fpl$d2f)
    _d2f                                     0x08002379   Thumb Code    98  d2f.o(x$fpl$d2f)
    __aeabi_dadd                             0x080023dd   Thumb Code     0  daddsub_clz.o(x$fpl$dadd)
    _dadd                                    0x080023dd   Thumb Code   332  daddsub_clz.o(x$fpl$dadd)
    __fpl_dcmp_Inf                           0x0800252d   Thumb Code    24  dcmpi.o(x$fpl$dcmpinf)
    __aeabi_ddiv                             0x08002545   Thumb Code     0  ddiv.o(x$fpl$ddiv)
    _ddiv                                    0x08002545   Thumb Code   552  ddiv.o(x$fpl$ddiv)
    __aeabi_d2uiz                            0x080027f5   Thumb Code     0  dfixu.o(x$fpl$dfixu)
    _dfixu                                   0x080027f5   Thumb Code    90  dfixu.o(x$fpl$dfixu)
    __aeabi_i2d                              0x0800284f   Thumb Code     0  dflt_clz.o(x$fpl$dflt)
    _dflt                                    0x0800284f   Thumb Code    46  dflt_clz.o(x$fpl$dflt)
    __aeabi_ui2d                             0x0800287d   Thumb Code     0  dflt_clz.o(x$fpl$dfltu)
    _dfltu                                   0x0800287d   Thumb Code    38  dflt_clz.o(x$fpl$dfltu)
    __aeabi_cdcmple                          0x080028a5   Thumb Code     0  dleqf.o(x$fpl$dleqf)
    _dcmple                                  0x080028a5   Thumb Code   120  dleqf.o(x$fpl$dleqf)
    __fpl_dcmple_InfNaN                      0x08002907   Thumb Code     0  dleqf.o(x$fpl$dleqf)
    __aeabi_dmul                             0x0800291d   Thumb Code     0  dmul.o(x$fpl$dmul)
    _dmul                                    0x0800291d   Thumb Code   332  dmul.o(x$fpl$dmul)
    __fpl_dnaninf                            0x08002a71   Thumb Code   156  dnaninf.o(x$fpl$dnaninf)
    __fpl_dretinf                            0x08002b0d   Thumb Code    12  dretinf.o(x$fpl$dretinf)
    __aeabi_cdrcmple                         0x08002b19   Thumb Code     0  drleqf.o(x$fpl$drleqf)
    _drcmple                                 0x08002b19   Thumb Code   108  drleqf.o(x$fpl$drleqf)
    __aeabi_drsub                            0x08002b85   Thumb Code     0  daddsub_clz.o(x$fpl$drsb)
    _drsb                                    0x08002b85   Thumb Code    22  daddsub_clz.o(x$fpl$drsb)
    __aeabi_dsub                             0x08002b9d   Thumb Code     0  daddsub_clz.o(x$fpl$dsub)
    _dsub                                    0x08002b9d   Thumb Code   464  daddsub_clz.o(x$fpl$dsub)
    __aeabi_f2d                              0x08002d71   Thumb Code     0  f2d.o(x$fpl$f2d)
    _f2d                                     0x08002d71   Thumb Code    86  f2d.o(x$fpl$f2d)
    __aeabi_f2uiz                            0x08002dc9   Thumb Code     0  ffixu.o(x$fpl$ffixu)
    _ffixu                                   0x08002dc9   Thumb Code    62  ffixu.o(x$fpl$ffixu)
    __fpl_fnaninf                            0x08002e07   Thumb Code   140  fnaninf.o(x$fpl$fnaninf)
    __fpl_fretinf                            0x08002e93   Thumb Code    10  fretinf.o(x$fpl$fretinf)
    Region$$Table$$Base                      0x08002e9c   Number         0  anon$$obj.o(Region$$Table)
    __I$use$fp                               0x08002e9c   Number         0  usenofp.o(x$fpl$usenofp)
    Region$$Table$$Limit                     0x08002ebc   Number         0  anon$$obj.o(Region$$Table)
    __ctype                                  0x08002ec9   Data           0  lc_ctype_c.o(locale$$data)
    light                                    0x20000014   Data           4  main.o(.data)
    temperature                              0x20000018   Data           1  main.o(.data)
    setTempValue                             0x20000019   Data           1  main.o(.data)
    setSoilMoisture                          0x2000001c   Data           4  main.o(.data)
    setLightValue                            0x20000020   Data           1  main.o(.data)
    soilMoisture                             0x20000024   Data           4  main.o(.data)
    CO2                                      0x20000028   Data           4  main.o(.data)
    CO2_Max                                  0x2000002c   Data           4  main.o(.data)
    usart_send_flag                          0x20000030   Data           1  main.o(.data)
    mode                                     0x20000031   Data           1  main.o(.data)
    shuaxin                                  0x20000032   Data           1  main.o(.data)
    shanshuo                                 0x20000033   Data           1  main.o(.data)
    sendFlag                                 0x20000034   Data           1  main.o(.data)
    setn                                     0x20000035   Data           1  main.o(.data)
    SystemCoreClock                          0x2000003c   Data           4  system_stm32f10x.o(.data)
    AHBPrescTable                            0x20000040   Data          16  system_stm32f10x.o(.data)
    RxCounter                                0x2000005c   Data           4  usart1.o(.data)
    __stdout                                 0x20000060   Data           4  usart1.o(.data)
    SysTick_Info                             0x20000064   Data          28  system_stm32f10x.o(.bss)
    Usart1RecBuf                             0x20000080   Data         200  usart1.o(.bss)
    __libspace_start                         0x20000148   Data          96  libspace.o(.bss)
    __temporary_stack_top$libspace           0x200001a8   Data           0  libspace.o(.bss)



==============================================================================

Memory Map of the image

  Image Entry point : 0x080000ed

  Load Region LR_IROM1 (Base: 0x08000000, Size: 0x00003030, Max: 0x00010000, ABSOLUTE)

    Execution Region ER_IROM1 (Base: 0x08000000, Size: 0x00002fcc, Max: 0x00010000, ABSOLUTE)

    Base Addr    Size         Type   Attr      Idx    E Section Name        Object

    0x08000000   0x000000ec   Data   RO           19    RESET               startup_stm32f10x_md.o
    0x080000ec   0x00000008   Code   RO         2540  * !!!main             c_w.l(__main.o)
    0x080000f4   0x00000034   Code   RO         2764    !!!scatter          c_w.l(__scatter.o)
    0x08000128   0x0000001a   Code   RO         2766    !!handler_copy      c_w.l(__scatter_copy.o)
    0x08000142   0x00000002   PAD
    0x08000144   0x0000001c   Code   RO         2768    !!handler_zi        c_w.l(__scatter_zi.o)
    0x08000160   0x00000002   Code   RO         2640    .ARM.Collect$$libinit$$00000000  c_w.l(libinit.o)
    0x08000162   0x00000000   Code   RO         2646    .ARM.Collect$$libinit$$00000002  c_w.l(libinit2.o)
    0x08000162   0x00000000   Code   RO         2648    .ARM.Collect$$libinit$$00000004  c_w.l(libinit2.o)
    0x08000162   0x00000000   Code   RO         2651    .ARM.Collect$$libinit$$0000000A  c_w.l(libinit2.o)
    0x08000162   0x00000000   Code   RO         2653    .ARM.Collect$$libinit$$0000000C  c_w.l(libinit2.o)
    0x08000162   0x00000000   Code   RO         2655    .ARM.Collect$$libinit$$0000000E  c_w.l(libinit2.o)
    0x08000162   0x00000006   Code   RO         2656    .ARM.Collect$$libinit$$0000000F  c_w.l(libinit2.o)
    0x08000168   0x00000000   Code   RO         2658    .ARM.Collect$$libinit$$00000011  c_w.l(libinit2.o)
    0x08000168   0x0000000c   Code   RO         2659    .ARM.Collect$$libinit$$00000012  c_w.l(libinit2.o)
    0x08000174   0x00000000   Code   RO         2660    .ARM.Collect$$libinit$$00000013  c_w.l(libinit2.o)
    0x08000174   0x00000000   Code   RO         2662    .ARM.Collect$$libinit$$00000015  c_w.l(libinit2.o)
    0x08000174   0x00000000   Code   RO         2664    .ARM.Collect$$libinit$$00000017  c_w.l(libinit2.o)
    0x08000174   0x00000000   Code   RO         2666    .ARM.Collect$$libinit$$00000019  c_w.l(libinit2.o)
    0x08000174   0x00000000   Code   RO         2668    .ARM.Collect$$libinit$$0000001B  c_w.l(libinit2.o)
    0x08000174   0x00000000   Code   RO         2670    .ARM.Collect$$libinit$$0000001D  c_w.l(libinit2.o)
    0x08000174   0x00000000   Code   RO         2672    .ARM.Collect$$libinit$$0000001F  c_w.l(libinit2.o)
    0x08000174   0x00000000   Code   RO         2674    .ARM.Collect$$libinit$$00000021  c_w.l(libinit2.o)
    0x08000174   0x00000000   Code   RO         2676    .ARM.Collect$$libinit$$00000023  c_w.l(libinit2.o)
    0x08000174   0x00000000   Code   RO         2678    .ARM.Collect$$libinit$$00000025  c_w.l(libinit2.o)
    0x08000174   0x00000000   Code   RO         2682    .ARM.Collect$$libinit$$0000002C  c_w.l(libinit2.o)
    0x08000174   0x00000000   Code   RO         2684    .ARM.Collect$$libinit$$0000002E  c_w.l(libinit2.o)
    0x08000174   0x00000000   Code   RO         2686    .ARM.Collect$$libinit$$00000030  c_w.l(libinit2.o)
    0x08000174   0x00000000   Code   RO         2688    .ARM.Collect$$libinit$$00000032  c_w.l(libinit2.o)
    0x08000174   0x00000002   Code   RO         2689    .ARM.Collect$$libinit$$00000033  c_w.l(libinit2.o)
    0x08000176   0x00000002   Code   RO         2707    .ARM.Collect$$libshutdown$$00000000  c_w.l(libshutdown.o)
    0x08000178   0x00000000   Code   RO         2718    .ARM.Collect$$libshutdown$$00000003  c_w.l(libshutdown2.o)
    0x08000178   0x00000000   Code   RO         2721    .ARM.Collect$$libshutdown$$00000006  c_w.l(libshutdown2.o)
    0x08000178   0x00000000   Code   RO         2724    .ARM.Collect$$libshutdown$$00000009  c_w.l(libshutdown2.o)
    0x08000178   0x00000000   Code   RO         2726    .ARM.Collect$$libshutdown$$0000000B  c_w.l(libshutdown2.o)
    0x08000178   0x00000000   Code   RO         2729    .ARM.Collect$$libshutdown$$0000000E  c_w.l(libshutdown2.o)
    0x08000178   0x00000002   Code   RO         2730    .ARM.Collect$$libshutdown$$0000000F  c_w.l(libshutdown2.o)
    0x0800017a   0x00000000   Code   RO         2578    .ARM.Collect$$rtentry$$00000000  c_w.l(__rtentry.o)
    0x0800017a   0x00000000   Code   RO         2603    .ARM.Collect$$rtentry$$00000002  c_w.l(__rtentry2.o)
    0x0800017a   0x00000006   Code   RO         2615    .ARM.Collect$$rtentry$$00000004  c_w.l(__rtentry4.o)
    0x08000180   0x00000000   Code   RO         2605    .ARM.Collect$$rtentry$$00000009  c_w.l(__rtentry2.o)
    0x08000180   0x00000004   Code   RO         2606    .ARM.Collect$$rtentry$$0000000A  c_w.l(__rtentry2.o)
    0x08000184   0x00000000   Code   RO         2608    .ARM.Collect$$rtentry$$0000000C  c_w.l(__rtentry2.o)
    0x08000184   0x00000008   Code   RO         2609    .ARM.Collect$$rtentry$$0000000D  c_w.l(__rtentry2.o)
    0x0800018c   0x00000002   Code   RO         2641    .ARM.Collect$$rtexit$$00000000  c_w.l(rtexit.o)
    0x0800018e   0x00000000   Code   RO         2691    .ARM.Collect$$rtexit$$00000002  c_w.l(rtexit2.o)
    0x0800018e   0x00000004   Code   RO         2692    .ARM.Collect$$rtexit$$00000003  c_w.l(rtexit2.o)
    0x08000192   0x00000006   Code   RO         2693    .ARM.Collect$$rtexit$$00000004  c_w.l(rtexit2.o)
    0x08000198   0x00000040   Code   RO           20    .text               startup_stm32f10x_md.o
    0x080001d8   0x00000002   Code   RO         2526    .text               c_w.l(use_no_semi_2.o)
    0x080001da   0x0000001a   Code   RO         2528    .text               c_w.l(atoi.o)
    0x080001f4   0x00000024   Code   RO         2530    .text               c_w.l(strstr.o)
    0x08000218   0x0000003e   Code   RO         2532    .text               c_w.l(strlen.o)
    0x08000256   0x00000044   Code   RO         2534    .text               c_w.l(rt_memclr.o)
    0x0800029a   0x00000056   Code   RO         2536    .text               c_w.l(strncpy.o)
    0x080002f0   0x00000006   Code   RO         2538    .text               c_w.l(heapauxi.o)
    0x080002f6   0x00000002   Code   RO         2576    .text               c_w.l(use_no_semi.o)
    0x080002f8   0x00000008   Code   RO         2582    .text               c_w.l(rt_errno_addr_intlibspace.o)
    0x08000300   0x00000070   Code   RO         2584    .text               c_w.l(strtol.o)
    0x08000370   0x0000004e   Code   RO         2586    .text               c_w.l(rt_memclr_w.o)
    0x080003be   0x00000002   PAD
    0x080003c0   0x00000008   Code   RO         2599    .text               c_w.l(libspace.o)
    0x080003c8   0x00000010   Code   RO         2617    .text               c_w.l(rt_ctype_table.o)
    0x080003d8   0x0000009e   Code   RO         2619    .text               c_w.l(_strtoul.o)
    0x08000476   0x0000004a   Code   RO         2621    .text               c_w.l(sys_stackheap_outer.o)
    0x080004c0   0x00000008   Code   RO         2626    .text               c_w.l(rt_locale_intlibspace.o)
    0x080004c8   0x0000001c   Code   RO         2628    .text               c_w.l(_chval.o)
    0x080004e4   0x0000000c   Code   RO         2633    .text               c_w.l(exit.o)
    0x080004f0   0x00000080   Code   RO         2643    .text               c_w.l(strcmpv7m.o)
    0x08000570   0x00000016   Code   RO          105    i.ADC_Cmd           stm32f10x_adc.o
    0x08000586   0x00000002   PAD
    0x08000588   0x0000005c   Code   RO          107    i.ADC_DeInit        stm32f10x_adc.o
    0x080005e4   0x00000014   Code   RO          113    i.ADC_GetCalibrationStatus  stm32f10x_adc.o
    0x080005f8   0x00000008   Code   RO          114    i.ADC_GetConversionValue  stm32f10x_adc.o
    0x08000600   0x00000012   Code   RO          116    i.ADC_GetFlagStatus  stm32f10x_adc.o
    0x08000612   0x00000014   Code   RO          119    i.ADC_GetResetCalibrationStatus  stm32f10x_adc.o
    0x08000626   0x00000002   PAD
    0x08000628   0x00000050   Code   RO          123    i.ADC_Init          stm32f10x_adc.o
    0x08000678   0x000000b8   Code   RO          127    i.ADC_RegularChannelConfig  stm32f10x_adc.o
    0x08000730   0x0000000a   Code   RO          128    i.ADC_ResetCalibration  stm32f10x_adc.o
    0x0800073a   0x00000016   Code   RO          130    i.ADC_SoftwareStartConvCmd  stm32f10x_adc.o
    0x08000750   0x0000000a   Code   RO          132    i.ADC_StartCalibration  stm32f10x_adc.o
    0x0800075a   0x00000002   PAD
    0x0800075c   0x0000008c   Code   RO         2056    i.Adc_Init          adc.o
    0x080007e8   0x00000004   Code   RO         2295    i.BusFault_Handler  stm32f10x_it.o
    0x080007ec   0x00000034   Code   RO         2182    i.DS18B20_GPIO_Init  ds18b20.o
    0x08000820   0x000000a0   Code   RO         2183    i.DS18B20_Init      ds18b20.o
    0x080008c0   0x00000078   Code   RO         2184    i.DS18B20_ReadByte  ds18b20.o
    0x08000938   0x00000070   Code   RO         2185    i.DS18B20_WriteByte  ds18b20.o
    0x080009a8   0x00000028   Code   RO         2095    i.Dao_xu            lcd1602.o
    0x080009d0   0x00000002   Code   RO         2296    i.DebugMon_Handler  stm32f10x_it.o
    0x080009d2   0x00000116   Code   RO          384    i.GPIO_Init         stm32f10x_gpio.o
    0x08000ae8   0x00000012   Code   RO          388    i.GPIO_ReadInputDataBit  stm32f10x_gpio.o
    0x08000afa   0x00000008   Code   RO          389    i.GPIO_ReadOutputData  stm32f10x_gpio.o
    0x08000b02   0x00000004   Code   RO          391    i.GPIO_ResetBits    stm32f10x_gpio.o
    0x08000b06   0x00000004   Code   RO          392    i.GPIO_SetBits      stm32f10x_gpio.o
    0x08000b0a   0x00000004   Code   RO          394    i.GPIO_Write        stm32f10x_gpio.o
    0x08000b0e   0x00000002   PAD
    0x08000b10   0x00000034   Code   RO         2057    i.Get_Adc           adc.o
    0x08000b44   0x0000002e   Code   RO         2058    i.Get_Adc_Average   adc.o
    0x08000b72   0x00000002   PAD
    0x08000b74   0x00000174   Code   RO         2221    i.Get_CO2           main.o
    0x08000ce8   0x00000004   Code   RO         2297    i.HardFault_Handler  stm32f10x_it.o
    0x08000cec   0x0000004c   Code   RO         2167    i.KEY_GPIO_Init     gpio.o
    0x08000d38   0x000000a0   Code   RO         2097    i.LCD_Init          lcd1602.o
    0x08000dd8   0x00000028   Code   RO         2098    i.LCD_Write_Char    lcd1602.o
    0x08000e00   0x00000064   Code   RO         2099    i.LCD_Write_Com     lcd1602.o
    0x08000e64   0x00000060   Code   RO         2100    i.LCD_Write_Data    lcd1602.o
    0x08000ec4   0x00000032   Code   RO         2101    i.LCD_Write_String  lcd1602.o
    0x08000ef6   0x00000004   Code   RO         2298    i.MemManage_Handler  stm32f10x_it.o
    0x08000efa   0x00000002   Code   RO         2299    i.NMI_Handler       stm32f10x_it.o
    0x08000efc   0x0000000c   Code   RO         2456    i.NVIC_Configuration  sys.o
    0x08000f08   0x00000070   Code   RO           24    i.NVIC_Init         misc.o
    0x08000f78   0x00000014   Code   RO           25    i.NVIC_PriorityGroupConfig  misc.o
    0x08000f8c   0x00000002   Code   RO         2300    i.PendSV_Handler    stm32f10x_it.o
    0x08000f8e   0x00000002   PAD
    0x08000f90   0x00000018   Code   RO          492    i.RCC_ADCCLKConfig  stm32f10x_rcc.o
    0x08000fa8   0x00000020   Code   RO          494    i.RCC_APB1PeriphClockCmd  stm32f10x_rcc.o
    0x08000fc8   0x00000020   Code   RO          495    i.RCC_APB1PeriphResetCmd  stm32f10x_rcc.o
    0x08000fe8   0x00000020   Code   RO          496    i.RCC_APB2PeriphClockCmd  stm32f10x_rcc.o
    0x08001008   0x00000020   Code   RO          497    i.RCC_APB2PeriphResetCmd  stm32f10x_rcc.o
    0x08001028   0x000000d4   Code   RO          504    i.RCC_GetClocksFreq  stm32f10x_rcc.o
    0x080010fc   0x00000064   Code   RO         2186    i.ReadTemperature   ds18b20.o
    0x08001160   0x00000022   Code   RO         1541    i.STM32F10x_Read    stm32f10x_flash.o
    0x08001182   0x00000006   Code   RO         1542    i.STMFLASH_ReadHalfWord  stm32f10x_flash.o
    0x08001188   0x00000002   Code   RO         2301    i.SVC_Handler       stm32f10x_it.o
    0x0800118a   0x00000008   Code   RO         2379    i.SetSysClock       system_stm32f10x.o
    0x08001192   0x00000002   PAD
    0x08001194   0x000000e0   Code   RO         2380    i.SetSysClockTo72   system_stm32f10x.o
    0x08001274   0x000000a0   Code   RO           28    i.SysTick_CLKSourceConfig  misc.o
    0x08001314   0x00000002   Code   RO         2302    i.SysTick_Handler   stm32f10x_it.o
    0x08001316   0x00000002   PAD
    0x08001318   0x00000060   Code   RO         2382    i.SystemInit        system_stm32f10x.o
    0x08001378   0x0000007c   Code   RO         2222    i.TIM3_IRQHandler   main.o
    0x080013f4   0x00000060   Code   RO         2147    i.TIM3_Init         timer.o
    0x08001454   0x00000006   Code   RO          796    i.TIM_ClearITPendingBit  stm32f10x_tim.o
    0x0800145a   0x00000018   Code   RO          801    i.TIM_Cmd           stm32f10x_tim.o
    0x08001472   0x00000022   Code   RO          822    i.TIM_GetITStatus   stm32f10x_tim.o
    0x08001494   0x00000012   Code   RO          826    i.TIM_ITConfig      stm32f10x_tim.o
    0x080014a6   0x00000002   PAD
    0x080014a8   0x000000a4   Code   RO          872    i.TIM_TimeBaseInit  stm32f10x_tim.o
    0x0800154c   0x0000004c   Code   RO         2471    i.USART1_IRQHandler  usart1.o
    0x08001598   0x0000001e   Code   RO         1334    i.USART_ClearITPendingBit  stm32f10x_usart.o
    0x080015b6   0x00000018   Code   RO         1337    i.USART_Cmd         stm32f10x_usart.o
    0x080015ce   0x00000002   PAD
    0x080015d0   0x0000009c   Code   RO         1339    i.USART_DeInit      stm32f10x_usart.o
    0x0800166c   0x00000054   Code   RO         1341    i.USART_GetITStatus  stm32f10x_usart.o
    0x080016c0   0x0000004a   Code   RO         1343    i.USART_ITConfig    stm32f10x_usart.o
    0x0800170a   0x00000002   PAD
    0x0800170c   0x000000d8   Code   RO         1344    i.USART_Init        stm32f10x_usart.o
    0x080017e4   0x0000000a   Code   RO         1351    i.USART_ReceiveData  stm32f10x_usart.o
    0x080017ee   0x00000004   Code   RO         2303    i.UsageFault_Handler  stm32f10x_it.o
    0x080017f2   0x00000006   Code   RO         2472    i._sys_exit         usart1.o
    0x080017f8   0x00000044   Code   RO         2427    i.delay_init        delay.o
    0x0800183c   0x00000090   Code   RO         2428    i.delay_ms          delay.o
    0x080018cc   0x0000004c   Code   RO         2429    i.delay_us          delay.o
    0x08001918   0x000000a0   Code   RO         2223    i.displayLight      main.o
    0x080019b8   0x00000150   Code   RO         2224    i.displaySetValue   main.o
    0x08001b08   0x0000011c   Code   RO         2225    i.displaySoilMoisture  main.o
    0x08001c24   0x0000007c   Code   RO         2226    i.displayTemperature  main.o
    0x08001ca0   0x00000458   Code   RO         2227    i.keyscan           main.o
    0x080020f8   0x00000198   Code   RO         2228    i.main              main.o
    0x08002290   0x000000bc   Code   RO         2474    i.uart1_Init        usart1.o
    0x0800234c   0x0000002c   Code   RO         2631    locale$$code        c_w.l(lc_ctype_c.o)
    0x08002378   0x00000062   Code   RO         2542    x$fpl$d2f           fz_ws.l(d2f.o)
    0x080023da   0x00000002   PAD
    0x080023dc   0x00000150   Code   RO         2544    x$fpl$dadd          fz_ws.l(daddsub_clz.o)
    0x0800252c   0x00000018   Code   RO         2588    x$fpl$dcmpinf       fz_ws.l(dcmpi.o)
    0x08002544   0x000002b0   Code   RO         2551    x$fpl$ddiv          fz_ws.l(ddiv.o)
    0x080027f4   0x0000005a   Code   RO         2554    x$fpl$dfixu         fz_ws.l(dfixu.o)
    0x0800284e   0x0000002e   Code   RO         2559    x$fpl$dflt          fz_ws.l(dflt_clz.o)
    0x0800287c   0x00000026   Code   RO         2558    x$fpl$dfltu         fz_ws.l(dflt_clz.o)
    0x080028a2   0x00000002   PAD
    0x080028a4   0x00000078   Code   RO         2564    x$fpl$dleqf         fz_ws.l(dleqf.o)
    0x0800291c   0x00000154   Code   RO         2566    x$fpl$dmul          fz_ws.l(dmul.o)
    0x08002a70   0x0000009c   Code   RO         2590    x$fpl$dnaninf       fz_ws.l(dnaninf.o)
    0x08002b0c   0x0000000c   Code   RO         2592    x$fpl$dretinf       fz_ws.l(dretinf.o)
    0x08002b18   0x0000006c   Code   RO         2568    x$fpl$drleqf        fz_ws.l(drleqf.o)
    0x08002b84   0x00000016   Code   RO         2545    x$fpl$drsb          fz_ws.l(daddsub_clz.o)
    0x08002b9a   0x00000002   PAD
    0x08002b9c   0x000001d4   Code   RO         2546    x$fpl$dsub          fz_ws.l(daddsub_clz.o)
    0x08002d70   0x00000056   Code   RO         2570    x$fpl$f2d           fz_ws.l(f2d.o)
    0x08002dc6   0x00000002   PAD
    0x08002dc8   0x0000003e   Code   RO         2572    x$fpl$ffixu         fz_ws.l(ffixu.o)
    0x08002e06   0x0000008c   Code   RO         2594    x$fpl$fnaninf       fz_ws.l(fnaninf.o)
    0x08002e92   0x0000000a   Code   RO         2596    x$fpl$fretinf       fz_ws.l(fretinf.o)
    0x08002e9c   0x00000000   Code   RO         2598    x$fpl$usenofp       fz_ws.l(usenofp.o)
    0x08002e9c   0x00000020   Data   RO         2762    Region$$Table       anon$$obj.o
    0x08002ebc   0x00000110   Data   RO         2630    locale$$data        c_w.l(lc_ctype_c.o)


    Execution Region RW_IRAM1 (Base: 0x20000000, Size: 0x000007a8, Max: 0x00005000, ABSOLUTE)

    Base Addr    Size         Type   Attr      Idx    E Section Name        Object

    0x20000000   0x00000014   Data   RW          524    .data               stm32f10x_rcc.o
    0x20000014   0x00000026   Data   RW         2229    .data               main.o
    0x2000003a   0x00000002   PAD
    0x2000003c   0x00000014   Data   RW         2384    .data               system_stm32f10x.o
    0x20000050   0x0000000c   Data   RW         2430    .data               delay.o
    0x2000005c   0x00000008   Data   RW         2478    .data               usart1.o
    0x20000064   0x0000001c   Zero   RW         2383    .bss                system_stm32f10x.o
    0x20000080   0x000000c8   Zero   RW         2477    .bss                usart1.o
    0x20000148   0x00000060   Zero   RW         2600    .bss                c_w.l(libspace.o)
    0x200001a8   0x00000200   Zero   RW           18    HEAP                startup_stm32f10x_md.o
    0x200003a8   0x00000400   Zero   RW           17    STACK               startup_stm32f10x_md.o


==============================================================================

Image component sizes


      Code (inc. data)   RO Data    RW Data    ZI Data      Debug   Object Name

       238         14          0          0          0       1599   adc.o
         0          0          0          0          0       4536   core_cm3.o
       288         40          0         12          0       1631   delay.o
       544         28          0          0          0       2784   ds18b20.o
        76          4          0          0          0        468   gpio.o
       486         36          0          0          0       3189   lcd1602.o
      2920        508          0         38          0       5369   main.o
       292         36          0          0          0     257776   misc.o
        64         26        236          0       1536        768   startup_stm32f10x_md.o
       486         24          0          0          0       7966   stm32f10x_adc.o
        40          0          0          0          0       2485   stm32f10x_flash.o
       316          0          0          0          0       4375   stm32f10x_gpio.o
        26          0          0          0          0       3406   stm32f10x_it.o
       364         50          0         20          0       5771   stm32f10x_rcc.o
       246         42          0          0          0       3266   stm32f10x_tim.o
       594         28          0          0          0       5811   stm32f10x_usart.o
        12          0          0          0          0        421   sys.o
       328         28          0         20         28     203730   system_stm32f10x.o
        96          6          0          0          0        584   timer.o
       270         22          0          8        200       3498   usart1.o

    ----------------------------------------------------------------------
      7708        892        268        100       1764     519433   Object Totals
         0          0         32          0          0          0   (incl. Generated)
        22          0          0          2          0          0   (incl. Padding)

    ----------------------------------------------------------------------

      Code (inc. data)   RO Data    RW Data    ZI Data      Debug   Library Member Name

         8          0          0          0          0         68   __main.o
         0          0          0          0          0          0   __rtentry.o
        12          0          0          0          0          0   __rtentry2.o
         6          0          0          0          0          0   __rtentry4.o
        52          8          0          0          0          0   __scatter.o
        26          0          0          0          0          0   __scatter_copy.o
        28          0          0          0          0          0   __scatter_zi.o
        28          0          0          0          0         68   _chval.o
       158          0          0          0          0         92   _strtoul.o
        26          0          0          0          0         80   atoi.o
        12          0          0          0          0         72   exit.o
         6          0          0          0          0        152   heapauxi.o
        44         10        272          0          0         76   lc_ctype_c.o
         2          0          0          0          0          0   libinit.o
        20          0          0          0          0          0   libinit2.o
         2          0          0          0          0          0   libshutdown.o
         2          0          0          0          0          0   libshutdown2.o
         8          4          0          0         96         68   libspace.o
        16          4          0          0          0         76   rt_ctype_table.o
         8          4          0          0          0         68   rt_errno_addr_intlibspace.o
         8          4          0          0          0         68   rt_locale_intlibspace.o
        68          0          0          0          0         68   rt_memclr.o
        78          0          0          0          0         80   rt_memclr_w.o
         2          0          0          0          0          0   rtexit.o
        10          0          0          0          0          0   rtexit2.o
       128          0          0          0          0         68   strcmpv7m.o
        62          0          0          0          0         76   strlen.o
        86          0          0          0          0         76   strncpy.o
        36          0          0          0          0         80   strstr.o
       112          0          0          0          0         88   strtol.o
        74          0          0          0          0         80   sys_stackheap_outer.o
         2          0          0          0          0         68   use_no_semi.o
         2          0          0          0          0         68   use_no_semi_2.o
        98          4          0          0          0         92   d2f.o
       826         16          0          0          0        348   daddsub_clz.o
        24          0          0          0          0         68   dcmpi.o
       688        140          0          0          0        208   ddiv.o
        90          4          0          0          0         92   dfixu.o
        84          0          0          0          0        136   dflt_clz.o
       120          4          0          0          0         92   dleqf.o
       340         12          0          0          0        104   dmul.o
       156          4          0          0          0         92   dnaninf.o
        12          0          0          0          0         68   dretinf.o
       108          0          0          0          0         80   drleqf.o
        86          4          0          0          0         84   f2d.o
        62          4          0          0          0         84   ffixu.o
       140          4          0          0          0         84   fnaninf.o
        10          0          0          0          0         68   fretinf.o
         0          0          0          0          0          0   usenofp.o

    ----------------------------------------------------------------------
      3988        230        272          0         96       3340   Library Totals
        12          0          0          0          0          0   (incl. Padding)

    ----------------------------------------------------------------------

      Code (inc. data)   RO Data    RW Data    ZI Data      Debug   Library Name

      1132         34        272          0         96       1640   c_w.l
      2844        196          0          0          0       1700   fz_ws.l

    ----------------------------------------------------------------------
      3988        230        272          0         96       3340   Library Totals

    ----------------------------------------------------------------------

==============================================================================


      Code (inc. data)   RO Data    RW Data    ZI Data      Debug   

     11696       1122        540        100       1860     516841   Grand Totals
     11696       1122        540        100       1860     516841   ELF Image Totals
     11696       1122        540        100          0          0   ROM Totals

==============================================================================

    Total RO  Size (Code + RO Data)                12236 (  11.95kB)
    Total RW  Size (RW Data + ZI Data)              1960 (   1.91kB)
    Total ROM Size (Code + RO Data + RW Data)      12336 (  12.05kB)

==============================================================================

